Archive member included to satisfy reference by file (symbol)

c:/st/stm32cubeide_1.7.0/stm32cubeide/plugins/com.st.stm32cube.ide.mcu.externaltools.gnu-tools-for-stm32.9-2020-q2-update.win32_2.0.0.202105311346/tools/bin/../lib/gcc/arm-none-eabi/9.3.1/../../../../arm-none-eabi/lib/thumb/v7e-m+fp/hard\libc_nano.a(lib_a-errno.o)
                              ./Core/Src/syscalls.o (__errno)
c:/st/stm32cubeide_1.7.0/stm32cubeide/plugins/com.st.stm32cube.ide.mcu.externaltools.gnu-tools-for-stm32.9-2020-q2-update.win32_2.0.0.202105311346/tools/bin/../lib/gcc/arm-none-eabi/9.3.1/../../../../arm-none-eabi/lib/thumb/v7e-m+fp/hard\libc_nano.a(lib_a-exit.o)
                              c:/st/stm32cubeide_1.7.0/stm32cubeide/plugins/com.st.stm32cube.ide.mcu.externaltools.gnu-tools-for-stm32.9-2020-q2-update.win32_2.0.0.202105311346/tools/bin/../lib/gcc/arm-none-eabi/9.3.1/../../../../arm-none-eabi/lib/thumb/v7e-m+fp/hard/crt0.o (exit)
c:/st/stm32cubeide_1.7.0/stm32cubeide/plugins/com.st.stm32cube.ide.mcu.externaltools.gnu-tools-for-stm32.9-2020-q2-update.win32_2.0.0.202105311346/tools/bin/../lib/gcc/arm-none-eabi/9.3.1/../../../../arm-none-eabi/lib/thumb/v7e-m+fp/hard\libc_nano.a(lib_a-impure.o)
                              c:/st/stm32cubeide_1.7.0/stm32cubeide/plugins/com.st.stm32cube.ide.mcu.externaltools.gnu-tools-for-stm32.9-2020-q2-update.win32_2.0.0.202105311346/tools/bin/../lib/gcc/arm-none-eabi/9.3.1/../../../../arm-none-eabi/lib/thumb/v7e-m+fp/hard\libc_nano.a(lib_a-exit.o) (_global_impure_ptr)
c:/st/stm32cubeide_1.7.0/stm32cubeide/plugins/com.st.stm32cube.ide.mcu.externaltools.gnu-tools-for-stm32.9-2020-q2-update.win32_2.0.0.202105311346/tools/bin/../lib/gcc/arm-none-eabi/9.3.1/../../../../arm-none-eabi/lib/thumb/v7e-m+fp/hard\libc_nano.a(lib_a-init.o)
                              c:/st/stm32cubeide_1.7.0/stm32cubeide/plugins/com.st.stm32cube.ide.mcu.externaltools.gnu-tools-for-stm32.9-2020-q2-update.win32_2.0.0.202105311346/tools/bin/../lib/gcc/arm-none-eabi/9.3.1/../../../../arm-none-eabi/lib/thumb/v7e-m+fp/hard/crt0.o (__libc_init_array)
c:/st/stm32cubeide_1.7.0/stm32cubeide/plugins/com.st.stm32cube.ide.mcu.externaltools.gnu-tools-for-stm32.9-2020-q2-update.win32_2.0.0.202105311346/tools/bin/../lib/gcc/arm-none-eabi/9.3.1/../../../../arm-none-eabi/lib/thumb/v7e-m+fp/hard\libc_nano.a(lib_a-memset.o)
                              c:/st/stm32cubeide_1.7.0/stm32cubeide/plugins/com.st.stm32cube.ide.mcu.externaltools.gnu-tools-for-stm32.9-2020-q2-update.win32_2.0.0.202105311346/tools/bin/../lib/gcc/arm-none-eabi/9.3.1/../../../../arm-none-eabi/lib/thumb/v7e-m+fp/hard/crt0.o (memset)
c:/st/stm32cubeide_1.7.0/stm32cubeide/plugins/com.st.stm32cube.ide.mcu.externaltools.gnu-tools-for-stm32.9-2020-q2-update.win32_2.0.0.202105311346/tools/bin/../lib/gcc/arm-none-eabi/9.3.1/thumb/v7e-m+fp/hard\libgcc.a(_aeabi_uldivmod.o)
                              ./Drivers/STM32F4xx_HAL_Driver/Src/stm32f4xx_hal_rcc.o (__aeabi_uldivmod)
c:/st/stm32cubeide_1.7.0/stm32cubeide/plugins/com.st.stm32cube.ide.mcu.externaltools.gnu-tools-for-stm32.9-2020-q2-update.win32_2.0.0.202105311346/tools/bin/../lib/gcc/arm-none-eabi/9.3.1/thumb/v7e-m+fp/hard\libgcc.a(_udivmoddi4.o)
                              c:/st/stm32cubeide_1.7.0/stm32cubeide/plugins/com.st.stm32cube.ide.mcu.externaltools.gnu-tools-for-stm32.9-2020-q2-update.win32_2.0.0.202105311346/tools/bin/../lib/gcc/arm-none-eabi/9.3.1/thumb/v7e-m+fp/hard\libgcc.a(_aeabi_uldivmod.o) (__udivmoddi4)
c:/st/stm32cubeide_1.7.0/stm32cubeide/plugins/com.st.stm32cube.ide.mcu.externaltools.gnu-tools-for-stm32.9-2020-q2-update.win32_2.0.0.202105311346/tools/bin/../lib/gcc/arm-none-eabi/9.3.1/thumb/v7e-m+fp/hard\libgcc.a(_dvmd_tls.o)
                              c:/st/stm32cubeide_1.7.0/stm32cubeide/plugins/com.st.stm32cube.ide.mcu.externaltools.gnu-tools-for-stm32.9-2020-q2-update.win32_2.0.0.202105311346/tools/bin/../lib/gcc/arm-none-eabi/9.3.1/thumb/v7e-m+fp/hard\libgcc.a(_aeabi_uldivmod.o) (__aeabi_ldiv0)

Allocating common symbols
Common symbol       size              file

hUsbDeviceFS        0x2d0             ./USB_DEVICE/App/usb_device.o
hpcd_USB_OTG_FS     0x408             ./USB_DEVICE/Target/usbd_conf.o
uwTick              0x4               ./Drivers/STM32F4xx_HAL_Driver/Src/stm32f4xx_hal.o
pFlash              0x20              ./Drivers/STM32F4xx_HAL_Driver/Src/stm32f4xx_hal_flash.o
UserRxBufferFS      0x800             ./USB_DEVICE/App/usbd_cdc_if.o
UserTxBufferFS      0x800             ./USB_DEVICE/App/usbd_cdc_if.o
TxData              0x8               ./Core/Src/main.o
TxMailbox           0x4               ./Core/Src/main.o
hspi1               0x58              ./Core/Src/main.o
RxData              0x8               ./Core/Src/main.o
htim2               0x48              ./Core/Src/main.o
hcan1               0x28              ./Core/Src/main.o
TxHeader            0x18              ./Core/Src/main.o
[...]
Memory Configuration

Name             Origin             Length             Attributes
CCMRAM           0x0000000010000000 0x0000000000010000 xrw
RAM              0x0000000020000000 0x0000000000020000 xrw
FLASH            0x0000000008000000 0x0000000000100000 xr
*default*        0x0000000000000000 0xffffffffffffffff

Linker script and memory map

LOAD c:/st/stm32cubeide_1.7.0/stm32cubeide/plugins/com.st.stm32cube.ide.mcu.externaltools.gnu-tools-for-stm32.9-2020-q2-update.win32_2.0.0.202105311346/tools/bin/../lib/gcc/arm-none-eabi/9.3.1/thumb/v7e-m+fp/hard/crti.o
LOAD c:/st/stm32cubeide_1.7.0/stm32cubeide/plugins/com.st.stm32cube.ide.mcu.externaltools.gnu-tools-for-stm32.9-2020-q2-update.win32_2.0.0.202105311346/tools/bin/../lib/gcc/arm-none-eabi/9.3.1/thumb/v7e-m+fp/hard/crtbegin.o
LOAD c:/st/stm32cubeide_1.7.0/stm32cubeide/plugins/com.st.stm32cube.ide.mcu.externaltools.gnu-tools-for-stm32.9-2020-q2-update.win32_2.0.0.202105311346/tools/bin/../lib/gcc/arm-none-eabi/9.3.1/../../../../arm-none-eabi/lib/thumb/v7e-m+fp/hard/crt0.o
LOAD ./Core/Src/NRF24L01.o
LOAD ./Core/Src/main.o
LOAD ./Core/Src/stm32f4xx_hal_msp.o
LOAD ./Core/Src/stm32f4xx_it.o
LOAD ./Core/Src/syscalls.o
LOAD ./Core/Src/sysmem.o
LOAD ./Core/Src/system_stm32f4xx.o
LOAD ./Core/Startup/startup_stm32f407vgtx.o
LOAD ./Drivers/STM32F4xx_HAL_Driver/Src/stm32f4xx_hal.o
LOAD ./Drivers/STM32F4xx_HAL_Driver/Src/stm32f4xx_hal_can.o
LOAD ./Drivers/STM32F4xx_HAL_Driver/Src/stm32f4xx_hal_cortex.o
LOAD ./Drivers/STM32F4xx_HAL_Driver/Src/stm32f4xx_hal_dma.o
LOAD ./Drivers/STM32F4xx_HAL_Driver/Src/stm32f4xx_hal_dma_ex.o
LOAD ./Drivers/STM32F4xx_HAL_Driver/Src/stm32f4xx_hal_exti.o
LOAD ./Drivers/STM32F4xx_HAL_Driver/Src/stm32f4xx_hal_flash.o
LOAD ./Drivers/STM32F4xx_HAL_Driver/Src/stm32f4xx_hal_flash_ex.o
LOAD ./Drivers/STM32F4xx_HAL_Driver/Src/stm32f4xx_hal_flash_ramfunc.o
LOAD ./Drivers/STM32F4xx_HAL_Driver/Src/stm32f4xx_hal_gpio.o
LOAD ./Drivers/STM32F4xx_HAL_Driver/Src/stm32f4xx_hal_pcd.o
LOAD ./Drivers/STM32F4xx_HAL_Driver/Src/stm32f4xx_hal_pcd_ex.o
LOAD ./Drivers/STM32F4xx_HAL_Driver/Src/stm32f4xx_hal_pwr.o
LOAD ./Drivers/STM32F4xx_HAL_Driver/Src/stm32f4xx_hal_pwr_ex.o
LOAD ./Drivers/STM32F4xx_HAL_Driver/Src/stm32f4xx_hal_rcc.o
LOAD ./Drivers/STM32F4xx_HAL_Driver/Src/stm32f4xx_hal_rcc_ex.o
LOAD ./Drivers/STM32F4xx_HAL_Driver/Src/stm32f4xx_hal_spi.o
LOAD ./Drivers/STM32F4xx_HAL_Driver/Src/stm32f4xx_hal_tim.o
LOAD ./Drivers/STM32F4xx_HAL_Driver/Src/stm32f4xx_hal_tim_ex.o
LOAD ./Drivers/STM32F4xx_HAL_Driver/Src/stm32f4xx_ll_usb.o
LOAD ./Middlewares/ST/STM32_USB_Device_Library/Class/CDC/Src/usbd_cdc.o
LOAD ./Middlewares/ST/STM32_USB_Device_Library/Core/Src/usbd_core.o
LOAD ./Middlewares/ST/STM32_USB_Device_Library/Core/Src/usbd_ctlreq.o
LOAD ./Middlewares/ST/STM32_USB_Device_Library/Core/Src/usbd_ioreq.o
LOAD ./USB_DEVICE/App/usb_device.o
LOAD ./USB_DEVICE/App/usbd_cdc_if.o
LOAD ./USB_DEVICE/App/usbd_desc.o
LOAD ./USB_DEVICE/Target/usbd_conf.o
START GROUP
LOAD c:/st/stm32cubeide_1.7.0/stm32cubeide/plugins/com.st.stm32cube.ide.mcu.externaltools.gnu-tools-for-stm32.9-2020-q2-update.win32_2.0.0.202105311346/tools/bin/../lib/gcc/arm-none-eabi/9.3.1/../../../../arm-none-eabi/lib/thumb/v7e-m+fp/hard\libc_nano.a
LOAD c:/st/stm32cubeide_1.7.0/stm32cubeide/plugins/com.st.stm32cube.ide.mcu.externaltools.gnu-tools-for-stm32.9-2020-q2-update.win32_2.0.0.202105311346/tools/bin/../lib/gcc/arm-none-eabi/9.3.1/../../../../arm-none-eabi/lib/thumb/v7e-m+fp/hard\libm.a
END GROUP
START GROUP
LOAD c:/st/stm32cubeide_1.7.0/stm32cubeide/plugins/com.st.stm32cube.ide.mcu.externaltools.gnu-tools-for-stm32.9-2020-q2-update.win32_2.0.0.202105311346/tools/bin/../lib/gcc/arm-none-eabi/9.3.1/thumb/v7e-m+fp/hard\libgcc.a
LOAD c:/st/stm32cubeide_1.7.0/stm32cubeide/plugins/com.st.stm32cube.ide.mcu.externaltools.gnu-tools-for-stm32.9-2020-q2-update.win32_2.0.0.202105311346/tools/bin/../lib/gcc/arm-none-eabi/9.3.1/../../../../arm-none-eabi/lib/thumb/v7e-m+fp/hard\libc_nano.a
END GROUP
START GROUP
LOAD c:/st/stm32cubeide_1.7.0/stm32cubeide/plugins/com.st.stm32cube.ide.mcu.externaltools.gnu-tools-for-stm32.9-2020-q2-update.win32_2.0.0.202105311346/tools/bin/../lib/gcc/arm-none-eabi/9.3.1/thumb/v7e-m+fp/hard\libgcc.a
LOAD c:/st/stm32cubeide_1.7.0/stm32cubeide/plugins/com.st.stm32cube.ide.mcu.externaltools.gnu-tools-for-stm32.9-2020-q2-update.win32_2.0.0.202105311346/tools/bin/../lib/gcc/arm-none-eabi/9.3.1/../../../../arm-none-eabi/lib/thumb/v7e-m+fp/hard\libc_nano.a
LOAD c:/st/stm32cubeide_1.7.0/stm32cubeide/plugins/com.st.stm32cube.ide.mcu.externaltools.gnu-tools-for-stm32.9-2020-q2-update.win32_2.0.0.202105311346/tools/bin/../lib/gcc/arm-none-eabi/9.3.1/../../../../arm-none-eabi/lib/thumb/v7e-m+fp/hard\libnosys.a
END GROUP
START GROUP
LOAD c:/st/stm32cubeide_1.7.0/stm32cubeide/plugins/com.st.stm32cube.ide.mcu.externaltools.gnu-tools-for-stm32.9-2020-q2-update.win32_2.0.0.202105311346/tools/bin/../lib/gcc/arm-none-eabi/9.3.1/thumb/v7e-m+fp/hard\libgcc.a
LOAD c:/st/stm32cubeide_1.7.0/stm32cubeide/plugins/com.st.stm32cube.ide.mcu.externaltools.gnu-tools-for-stm32.9-2020-q2-update.win32_2.0.0.202105311346/tools/bin/../lib/gcc/arm-none-eabi/9.3.1/../../../../arm-none-eabi/lib/thumb/v7e-m+fp/hard\libc_nano.a
LOAD c:/st/stm32cubeide_1.7.0/stm32cubeide/plugins/com.st.stm32cube.ide.mcu.externaltools.gnu-tools-for-stm32.9-2020-q2-update.win32_2.0.0.202105311346/tools/bin/../lib/gcc/arm-none-eabi/9.3.1/../../../../arm-none-eabi/lib/thumb/v7e-m+fp/hard\libnosys.a
END GROUP
LOAD c:/st/stm32cubeide_1.7.0/stm32cubeide/plugins/com.st.stm32cube.ide.mcu.externaltools.gnu-tools-for-stm32.9-2020-q2-update.win32_2.0.0.202105311346/tools/bin/../lib/gcc/arm-none-eabi/9.3.1/thumb/v7e-m+fp/hard/crtend.o
LOAD c:/st/stm32cubeide_1.7.0/stm32cubeide/plugins/com.st.stm32cube.ide.mcu.externaltools.gnu-tools-for-stm32.9-2020-q2-update.win32_2.0.0.202105311346/tools/bin/../lib/gcc/arm-none-eabi/9.3.1/thumb/v7e-m+fp/hard/crtn.o
                0x0000000020020000                _estack = (ORIGIN (RAM) + LENGTH (RAM))
                0x0000000000000200                _Min_Heap_Size = 0x200
                0x0000000000000400                _Min_Stack_Size = 0x400

.isr_vector     0x0000000008000000      0x188
                0x0000000008000000                . = ALIGN (0x4)
 *(.isr_vector)
 .isr_vector    0x0000000008000000      0x188 ./Core/Startup/startup_stm32f407vgtx.o
                0x0000000008000000                g_pfnVectors
                0x0000000008000188                . = ALIGN (0x4)

.text           0x0000000008000188     0x892c
                0x0000000008000188                . = ALIGN (0x4)
 *(.text)
 .text          0x0000000008000188       0x40 c:/st/stm32cubeide_1.7.0/stm32cubeide/plugins/com.st.stm32cube.ide.mcu.externaltools.gnu-tools-for-stm32.9-2020-q2-update.win32_2.0.0.202105311346/tools/bin/../lib/gcc/arm-none-eabi/9.3.1/thumb/v7e-m+fp/hard/crtbegin.o
 .text          0x00000000080001c8       0x30 c:/st/stm32cubeide_1.7.0/stm32cubeide/plugins/com.st.stm32cube.ide.mcu.externaltools.gnu-tools-for-stm32.9-2020-q2-update.win32_2.0.0.202105311346/tools/bin/../lib/gcc/arm-none-eabi/9.3.1/thumb/v7e-m+fp/hard\libgcc.a(_aeabi_uldivmod.o)
                0x00000000080001c8                __aeabi_uldivmod
 .text          0x00000000080001f8      0x2c4 c:/st/stm32cubeide_1.7.0/stm32cubeide/plugins/com.st.stm32cube.ide.mcu.externaltools.gnu-tools-for-stm32.9-2020-q2-update.win32_2.0.0.202105311346/tools/bin/../lib/gcc/arm-none-eabi/9.3.1/thumb/v7e-m+fp/hard\libgcc.a(_udivmoddi4.o)
                0x00000000080001f8                __udivmoddi4
 .text          0x00000000080004bc        0x4 c:/st/stm32cubeide_1.7.0/stm32cubeide/plugins/com.st.stm32cube.ide.mcu.externaltools.gnu-tools-for-stm32.9-2020-q2-update.win32_2.0.0.202105311346/tools/bin/../lib/gcc/arm-none-eabi/9.3.1/thumb/v7e-m+fp/hard\libgcc.a(_dvmd_tls.o)
                0x00000000080004bc                __aeabi_idiv0
                0x00000000080004bc                __aeabi_ldiv0
 *(.text*)
 .text.CSselect
                0x00000000080004c0       0x18 ./Core/Src/NRF24L01.o
                0x00000000080004c0                CSselect
 .text.CSunselect
                0x00000000080004d8       0x18 ./Core/Src/NRF24L01.o
                0x00000000080004d8                CSunselect
 .text.CEenable
                0x00000000080004f0       0x18 ./Core/Src/NRF24L01.o
                0x00000000080004f0                CEenable
 .text.CEdisable
                0x0000000008000508       0x18 ./Core/Src/NRF24L01.o
                0x0000000008000508                CEdisable
 .text.nrf24WrReg
                0x0000000008000520       0x44 ./Core/Src/NRF24L01.o
                0x0000000008000520                nrf24WrReg
 .text.nrf24WrRegMulti
                0x0000000008000564       0x4c ./Core/Src/NRF24L01.o
                0x0000000008000564                nrf24WrRegMulti
 .text.nrf24RdReg
                0x00000000080005b0       0x40 ./Core/Src/NRF24L01.o
                0x00000000080005b0                nrf24RdReg
 .text.nrfsendCmd
                0x00000000080005f0       0x2c ./Core/Src/NRF24L01.o
                0x00000000080005f0                nrfsendCmd
 .text.nrfInit  0x000000000800061c       0x48 ./Core/Src/NRF24L01.o
                0x000000000800061c                nrfInit
 .text.nrfTxMode
                0x0000000008000664       0x4c ./Core/Src/NRF24L01.o
                0x0000000008000664                nrfTxMode
 .text.nrfRxMode
                0x00000000080006b0       0x70 ./Core/Src/NRF24L01.o
                0x00000000080006b0                nrfRxMode
 .text.dataAvailability
                0x0000000008000720       0x3e ./Core/Src/NRF24L01.o
                0x0000000008000720                dataAvailability
 *fill*         0x000000000800075e        0x2 
 .text.nrfReceive
                0x0000000008000760       0x54 ./Core/Src/NRF24L01.o
                0x0000000008000760                nrfReceive
 .text.HAL_CAN_RxFifo0MsgPendingCallback
                0x00000000080007b4       0x38 ./Core/Src/main.o
                0x00000000080007b4                HAL_CAN_RxFifo0MsgPendingCallback
 .text.main     0x00000000080007ec      0x14c ./Core/Src/main.o
                0x00000000080007ec                main
 .text.SystemClock_Config
                0x0000000008000938       0xd4 ./Core/Src/main.o
                0x0000000008000938                SystemClock_Config
 .text.MX_CAN1_Init
                0x0000000008000a0c       0xa8 ./Core/Src/main.o
 .text.MX_SPI1_Init
                0x0000000008000ab4       0x6c ./Core/Src/main.o
 .text.MX_TIM2_Init
                0x0000000008000b20       0x98 ./Core/Src/main.o
 .text.MX_GPIO_Init
                0x0000000008000bb8      0x1dc ./Core/Src/main.o
 .text.Error_Handler
                0x0000000008000d94       0x2c ./Core/Src/main.o
                0x0000000008000d94                Error_Handler
 .text.HAL_MspInit
                0x0000000008000dc0       0x50 ./Core/Src/stm32f4xx_hal_msp.o
                0x0000000008000dc0                HAL_MspInit
 .text.HAL_CAN_MspInit
                0x0000000008000e10       0xa0 ./Core/Src/stm32f4xx_hal_msp.o
                0x0000000008000e10                HAL_CAN_MspInit
 .text.HAL_SPI_MspInit
                0x0000000008000eb0       0x90 ./Core/Src/stm32f4xx_hal_msp.o
                0x0000000008000eb0                HAL_SPI_MspInit
 .text.HAL_TIM_Base_MspInit
                0x0000000008000f40       0x40 ./Core/Src/stm32f4xx_hal_msp.o
                0x0000000008000f40                HAL_TIM_Base_MspInit
 .text.NMI_Handler
                0x0000000008000f80        0x6 ./Core/Src/stm32f4xx_it.o
                0x0000000008000f80                NMI_Handler
 .text.HardFault_Handler
                0x0000000008000f86        0x6 ./Core/Src/stm32f4xx_it.o
                0x0000000008000f86                HardFault_Handler
 .text.MemManage_Handler
                0x0000000008000f8c        0x6 ./Core/Src/stm32f4xx_it.o
                0x0000000008000f8c                MemManage_Handler
 .text.BusFault_Handler
                0x0000000008000f92        0x6 ./Core/Src/stm32f4xx_it.o
                0x0000000008000f92                BusFault_Handler
 .text.UsageFault_Handler
                0x0000000008000f98        0x6 ./Core/Src/stm32f4xx_it.o
                0x0000000008000f98                UsageFault_Handler
 .text.SVC_Handler
                0x0000000008000f9e        0xe ./Core/Src/stm32f4xx_it.o
                0x0000000008000f9e                SVC_Handler
 .text.DebugMon_Handler
                0x0000000008000fac        0xe ./Core/Src/stm32f4xx_it.o
                0x0000000008000fac                DebugMon_Handler
 .text.PendSV_Handler
                0x0000000008000fba        0xe ./Core/Src/stm32f4xx_it.o
                0x0000000008000fba                PendSV_Handler
 .text.SysTick_Handler
                0x0000000008000fc8        0xc ./Core/Src/stm32f4xx_it.o
                0x0000000008000fc8                SysTick_Handler
 .text.CAN1_RX0_IRQHandler
                0x0000000008000fd4       0x14 ./Core/Src/stm32f4xx_it.o
                0x0000000008000fd4                CAN1_RX0_IRQHandler
 .text.OTG_FS_IRQHandler
                0x0000000008000fe8       0x14 ./Core/Src/stm32f4xx_it.o
                0x0000000008000fe8                OTG_FS_IRQHandler
 .text.SystemInit
                0x0000000008000ffc       0x24 ./Core/Src/system_stm32f4xx.o
                0x0000000008000ffc                SystemInit
 .text.Reset_Handler
                0x0000000008001020       0x50 ./Core/Startup/startup_stm32f407vgtx.o
                0x0000000008001020                Reset_Handler
 .text.Default_Handler
                0x0000000008001070        0x2 ./Core/Startup/startup_stm32f407vgtx.o
                0x0000000008001070                RTC_Alarm_IRQHandler
                0x0000000008001070                HASH_RNG_IRQHandler
                0x0000000008001070                EXTI2_IRQHandler
                0x0000000008001070                TIM8_CC_IRQHandler
                0x0000000008001070                TIM1_CC_IRQHandler
                0x0000000008001070                DMA2_Stream5_IRQHandler
                0x0000000008001070                DMA1_Stream5_IRQHandler
                0x0000000008001070                PVD_IRQHandler
                0x0000000008001070                SDIO_IRQHandler
                0x0000000008001070                TAMP_STAMP_IRQHandler
                0x0000000008001070                CAN2_RX1_IRQHandler
                0x0000000008001070                EXTI3_IRQHandler
                0x0000000008001070                TIM8_TRG_COM_TIM14_IRQHandler
                0x0000000008001070                TIM1_UP_TIM10_IRQHandler
                0x0000000008001070                TIM8_UP_TIM13_IRQHandler
                0x0000000008001070                I2C3_ER_IRQHandler
                0x0000000008001070                EXTI0_IRQHandler
                0x0000000008001070                I2C2_EV_IRQHandler
                0x0000000008001070                DMA1_Stream2_IRQHandler
                0x0000000008001070                FPU_IRQHandler
                0x0000000008001070                OTG_HS_WKUP_IRQHandler
                0x0000000008001070                CAN2_SCE_IRQHandler
                0x0000000008001070                DMA2_Stream2_IRQHandler
                0x0000000008001070                SPI1_IRQHandler
                0x0000000008001070                TIM6_DAC_IRQHandler
                0x0000000008001070                TIM1_BRK_TIM9_IRQHandler
                0x0000000008001070                DCMI_IRQHandler
                0x0000000008001070                CAN2_RX0_IRQHandler
                0x0000000008001070                DMA2_Stream3_IRQHandler
                0x0000000008001070                USART6_IRQHandler
                0x0000000008001070                USART3_IRQHandler
                0x0000000008001070                CAN1_RX1_IRQHandler
                0x0000000008001070                UART5_IRQHandler
                0x0000000008001070                DMA2_Stream0_IRQHandler
                0x0000000008001070                TIM4_IRQHandler
                0x0000000008001070                I2C1_EV_IRQHandler
                0x0000000008001070                DMA1_Stream6_IRQHandler
                0x0000000008001070                DMA1_Stream1_IRQHandler
                0x0000000008001070                UART4_IRQHandler
                0x0000000008001070                TIM3_IRQHandler
                0x0000000008001070                RCC_IRQHandler
                0x0000000008001070                TIM8_BRK_TIM12_IRQHandler
                0x0000000008001070                Default_Handler
                0x0000000008001070                EXTI15_10_IRQHandler
                0x0000000008001070                ADC_IRQHandler
                0x0000000008001070                DMA1_Stream7_IRQHandler
                0x0000000008001070                TIM7_IRQHandler
                0x0000000008001070                CAN2_TX_IRQHandler
                0x0000000008001070                TIM5_IRQHandler
                0x0000000008001070                DMA2_Stream7_IRQHandler
                0x0000000008001070                I2C3_EV_IRQHandler
                0x0000000008001070                EXTI9_5_IRQHandler
                0x0000000008001070                RTC_WKUP_IRQHandler
                0x0000000008001070                ETH_WKUP_IRQHandler
                0x0000000008001070                SPI2_IRQHandler
                0x0000000008001070                OTG_HS_EP1_IN_IRQHandler
                0x0000000008001070                DMA1_Stream0_IRQHandler
                0x0000000008001070                CAN1_TX_IRQHandler
                0x0000000008001070                EXTI4_IRQHandler
                0x0000000008001070                FSMC_IRQHandler
                0x0000000008001070                ETH_IRQHandler
                0x0000000008001070                OTG_HS_EP1_OUT_IRQHandler
                0x0000000008001070                WWDG_IRQHandler
                0x0000000008001070                TIM2_IRQHandler
                0x0000000008001070                OTG_FS_WKUP_IRQHandler
                0x0000000008001070                TIM1_TRG_COM_TIM11_IRQHandler
                0x0000000008001070                OTG_HS_IRQHandler
                0x0000000008001070                EXTI1_IRQHandler
                0x0000000008001070                USART2_IRQHandler
                0x0000000008001070                I2C2_ER_IRQHandler
                0x0000000008001070                DMA2_Stream1_IRQHandler
                0x0000000008001070                CAN1_SCE_IRQHandler
                0x0000000008001070                FLASH_IRQHandler
                0x0000000008001070                DMA2_Stream4_IRQHandler
                0x0000000008001070                USART1_IRQHandler
                0x0000000008001070                SPI3_IRQHandler
                0x0000000008001070                DMA1_Stream4_IRQHandler
                0x0000000008001070                I2C1_ER_IRQHandler
                0x0000000008001070                DMA2_Stream6_IRQHandler
                0x0000000008001070                DMA1_Stream3_IRQHandler
 *fill*         0x0000000008001072        0x2 
 .text.HAL_Init
                0x0000000008001074       0x44 ./Drivers/STM32F4xx_HAL_Driver/Src/stm32f4xx_hal.o
                0x0000000008001074                HAL_Init
 .text.HAL_InitTick
                0x00000000080010b8       0x60 ./Drivers/STM32F4xx_HAL_Driver/Src/stm32f4xx_hal.o
                0x00000000080010b8                HAL_InitTick
 .text.HAL_IncTick
                0x0000000008001118       0x28 ./Drivers/STM32F4xx_HAL_Driver/Src/stm32f4xx_hal.o
                0x0000000008001118                HAL_IncTick
 .text.HAL_GetTick
                0x0000000008001140       0x18 ./Drivers/STM32F4xx_HAL_Driver/Src/stm32f4xx_hal.o
                0x0000000008001140                HAL_GetTick
 .text.HAL_Delay
                0x0000000008001158       0x48 ./Drivers/STM32F4xx_HAL_Driver/Src/stm32f4xx_hal.o
                0x0000000008001158                HAL_Delay
 .text.HAL_CAN_Init
                0x00000000080011a0      0x1f6 ./Drivers/STM32F4xx_HAL_Driver/Src/stm32f4xx_hal_can.o
                0x00000000080011a0                HAL_CAN_Init
 *fill*         0x0000000008001396        0x2 
 .text.HAL_CAN_ConfigFilter
                0x0000000008001398      0x1c0 ./Drivers/STM32F4xx_HAL_Driver/Src/stm32f4xx_hal_can.o
                0x0000000008001398                HAL_CAN_ConfigFilter
 .text.HAL_CAN_Start
                0x0000000008001558       0x88 ./Drivers/STM32F4xx_HAL_Driver/Src/stm32f4xx_hal_can.o
                0x0000000008001558                HAL_CAN_Start
 .text.HAL_CAN_AddTxMessage
                0x00000000080015e0      0x1b6 ./Drivers/STM32F4xx_HAL_Driver/Src/stm32f4xx_hal_can.o
                0x00000000080015e0                HAL_CAN_AddTxMessage
 .text.HAL_CAN_GetRxMessage
                0x0000000008001796      0x224 ./Drivers/STM32F4xx_HAL_Driver/Src/stm32f4xx_hal_can.o
                0x0000000008001796                HAL_CAN_GetRxMessage
 .text.HAL_CAN_ActivateNotification
                0x00000000080019ba       0x4c ./Drivers/STM32F4xx_HAL_Driver/Src/stm32f4xx_hal_can.o
                0x00000000080019ba                HAL_CAN_ActivateNotification
 .text.HAL_CAN_IRQHandler
                0x0000000008001a06      0x36e ./Drivers/STM32F4xx_HAL_Driver/Src/stm32f4xx_hal_can.o
                0x0000000008001a06                HAL_CAN_IRQHandler
 .text.HAL_CAN_TxMailbox0CompleteCallback
                0x0000000008001d74       0x14 ./Drivers/STM32F4xx_HAL_Driver/Src/stm32f4xx_hal_can.o
                0x0000000008001d74                HAL_CAN_TxMailbox0CompleteCallback
 .text.HAL_CAN_TxMailbox1CompleteCallback
                0x0000000008001d88       0x14 ./Drivers/STM32F4xx_HAL_Driver/Src/stm32f4xx_hal_can.o
                0x0000000008001d88                HAL_CAN_TxMailbox1CompleteCallback
 .text.HAL_CAN_TxMailbox2CompleteCallback
                0x0000000008001d9c       0x14 ./Drivers/STM32F4xx_HAL_Driver/Src/stm32f4xx_hal_can.o
                0x0000000008001d9c                HAL_CAN_TxMailbox2CompleteCallback
 .text.HAL_CAN_TxMailbox0AbortCallback
                0x0000000008001db0       0x14 ./Drivers/STM32F4xx_HAL_Driver/Src/stm32f4xx_hal_can.o
                0x0000000008001db0                HAL_CAN_TxMailbox0AbortCallback
 .text.HAL_CAN_TxMailbox1AbortCallback
                0x0000000008001dc4       0x14 ./Drivers/STM32F4xx_HAL_Driver/Src/stm32f4xx_hal_can.o
                0x0000000008001dc4                HAL_CAN_TxMailbox1AbortCallback
 .text.HAL_CAN_TxMailbox2AbortCallback
                0x0000000008001dd8       0x14 ./Drivers/STM32F4xx_HAL_Driver/Src/stm32f4xx_hal_can.o
                0x0000000008001dd8                HAL_CAN_TxMailbox2AbortCallback
 .text.HAL_CAN_RxFifo0FullCallback
                0x0000000008001dec       0x14 ./Drivers/STM32F4xx_HAL_Driver/Src/stm32f4xx_hal_can.o
                0x0000000008001dec                HAL_CAN_RxFifo0FullCallback
 .text.HAL_CAN_RxFifo1MsgPendingCallback
                0x0000000008001e00       0x14 ./Drivers/STM32F4xx_HAL_Driver/Src/stm32f4xx_hal_can.o
                0x0000000008001e00                HAL_CAN_RxFifo1MsgPendingCallback
 .text.HAL_CAN_RxFifo1FullCallback
                0x0000000008001e14       0x14 ./Drivers/STM32F4xx_HAL_Driver/Src/stm32f4xx_hal_can.o
                0x0000000008001e14                HAL_CAN_RxFifo1FullCallback
 .text.HAL_CAN_SleepCallback
                0x0000000008001e28       0x14 ./Drivers/STM32F4xx_HAL_Driver/Src/stm32f4xx_hal_can.o
                0x0000000008001e28                HAL_CAN_SleepCallback
 .text.HAL_CAN_WakeUpFromRxMsgCallback
                0x0000000008001e3c       0x14 ./Drivers/STM32F4xx_HAL_Driver/Src/stm32f4xx_hal_can.o
                0x0000000008001e3c                HAL_CAN_WakeUpFromRxMsgCallback
 .text.HAL_CAN_ErrorCallback
                0x0000000008001e50       0x14 ./Drivers/STM32F4xx_HAL_Driver/Src/stm32f4xx_hal_can.o
                0x0000000008001e50                HAL_CAN_ErrorCallback
 .text.__NVIC_SetPriorityGrouping
                0x0000000008001e64       0x48 ./Drivers/STM32F4xx_HAL_Driver/Src/stm32f4xx_hal_cortex.o
 .text.__NVIC_GetPriorityGrouping
                0x0000000008001eac       0x1c ./Drivers/STM32F4xx_HAL_Driver/Src/stm32f4xx_hal_cortex.o
 .text.__NVIC_EnableIRQ
                0x0000000008001ec8       0x3c ./Drivers/STM32F4xx_HAL_Driver/Src/stm32f4xx_hal_cortex.o
 .text.__NVIC_SetPriority
                0x0000000008001f04       0x54 ./Drivers/STM32F4xx_HAL_Driver/Src/stm32f4xx_hal_cortex.o
 .text.NVIC_EncodePriority
                0x0000000008001f58       0x66 ./Drivers/STM32F4xx_HAL_Driver/Src/stm32f4xx_hal_cortex.o
 *fill*         0x0000000008001fbe        0x2 
 .text.SysTick_Config
                0x0000000008001fc0       0x44 ./Drivers/STM32F4xx_HAL_Driver/Src/stm32f4xx_hal_cortex.o
 .text.HAL_NVIC_SetPriorityGrouping
                0x0000000008002004       0x16 ./Drivers/STM32F4xx_HAL_Driver/Src/stm32f4xx_hal_cortex.o
                0x0000000008002004                HAL_NVIC_SetPriorityGrouping
 .text.HAL_NVIC_SetPriority
                0x000000000800201a       0x38 ./Drivers/STM32F4xx_HAL_Driver/Src/stm32f4xx_hal_cortex.o
                0x000000000800201a                HAL_NVIC_SetPriority
 .text.HAL_NVIC_EnableIRQ
                0x0000000008002052       0x1c ./Drivers/STM32F4xx_HAL_Driver/Src/stm32f4xx_hal_cortex.o
                0x0000000008002052                HAL_NVIC_EnableIRQ
 .text.HAL_SYSTICK_Config
                0x000000000800206e       0x18 ./Drivers/STM32F4xx_HAL_Driver/Src/stm32f4xx_hal_cortex.o
                0x000000000800206e                HAL_SYSTICK_Config
 *fill*         0x0000000008002086        0x2 
 .text.HAL_GPIO_Init
                0x0000000008002088      0x338 ./Drivers/STM32F4xx_HAL_Driver/Src/stm32f4xx_hal_gpio.o
                0x0000000008002088                HAL_GPIO_Init
 .text.HAL_GPIO_WritePin
                0x00000000080023c0       0x32 ./Drivers/STM32F4xx_HAL_Driver/Src/stm32f4xx_hal_gpio.o
                0x00000000080023c0                HAL_GPIO_WritePin
 .text.HAL_GPIO_TogglePin
                0x00000000080023f2       0x34 ./Drivers/STM32F4xx_HAL_Driver/Src/stm32f4xx_hal_gpio.o
                0x00000000080023f2                HAL_GPIO_TogglePin
 .text.HAL_PCD_Init
                0x0000000008002426      0x23a ./Drivers/STM32F4xx_HAL_Driver/Src/stm32f4xx_hal_pcd.o
                0x0000000008002426                HAL_PCD_Init
 .text.HAL_PCD_Start
                0x0000000008002660       0x66 ./Drivers/STM32F4xx_HAL_Driver/Src/stm32f4xx_hal_pcd.o
                0x0000000008002660                HAL_PCD_Start
 .text.HAL_PCD_IRQHandler
                0x00000000080026c6      0x764 ./Drivers/STM32F4xx_HAL_Driver/Src/stm32f4xx_hal_pcd.o
                0x00000000080026c6                HAL_PCD_IRQHandler
 .text.HAL_PCD_SetAddress
                0x0000000008002e2a       0x4a ./Drivers/STM32F4xx_HAL_Driver/Src/stm32f4xx_hal_pcd.o
                0x0000000008002e2a                HAL_PCD_SetAddress
 .text.HAL_PCD_EP_Open
                0x0000000008002e74       0xd0 ./Drivers/STM32F4xx_HAL_Driver/Src/stm32f4xx_hal_pcd.o
                0x0000000008002e74                HAL_PCD_EP_Open
 .text.HAL_PCD_EP_Close
                0x0000000008002f44       0x94 ./Drivers/STM32F4xx_HAL_Driver/Src/stm32f4xx_hal_pcd.o
                0x0000000008002f44                HAL_PCD_EP_Close
 .text.HAL_PCD_EP_Receive
                0x0000000008002fd8       0x96 ./Drivers/STM32F4xx_HAL_Driver/Src/stm32f4xx_hal_pcd.o
                0x0000000008002fd8                HAL_PCD_EP_Receive
 .text.HAL_PCD_EP_GetRxCount
                0x000000000800306e       0x30 ./Drivers/STM32F4xx_HAL_Driver/Src/stm32f4xx_hal_pcd.o
                0x000000000800306e                HAL_PCD_EP_GetRxCount
 .text.HAL_PCD_EP_Transmit
                0x000000000800309e       0x94 ./Drivers/STM32F4xx_HAL_Driver/Src/stm32f4xx_hal_pcd.o
                0x000000000800309e                HAL_PCD_EP_Transmit
 .text.HAL_PCD_EP_SetStall
                0x0000000008003132       0xc8 ./Drivers/STM32F4xx_HAL_Driver/Src/stm32f4xx_hal_pcd.o
                0x0000000008003132                HAL_PCD_EP_SetStall
 .text.HAL_PCD_EP_ClrStall
                0x00000000080031fa       0xac ./Drivers/STM32F4xx_HAL_Driver/Src/stm32f4xx_hal_pcd.o
                0x00000000080031fa                HAL_PCD_EP_ClrStall
 .text.PCD_WriteEmptyTxFifo
                0x00000000080032a6      0x11a ./Drivers/STM32F4xx_HAL_Driver/Src/stm32f4xx_hal_pcd.o
 .text.PCD_EP_OutXfrComplete_int
                0x00000000080033c0      0x218 ./Drivers/STM32F4xx_HAL_Driver/Src/stm32f4xx_hal_pcd.o
 .text.PCD_EP_OutSetupPacket_int
                0x00000000080035d8       0x8c ./Drivers/STM32F4xx_HAL_Driver/Src/stm32f4xx_hal_pcd.o
 .text.HAL_PCDEx_SetTxFiFo
                0x0000000008003664       0x8e ./Drivers/STM32F4xx_HAL_Driver/Src/stm32f4xx_hal_pcd_ex.o
                0x0000000008003664                HAL_PCDEx_SetTxFiFo
 .text.HAL_PCDEx_SetRxFiFo
                0x00000000080036f2       0x22 ./Drivers/STM32F4xx_HAL_Driver/Src/stm32f4xx_hal_pcd_ex.o
                0x00000000080036f2                HAL_PCDEx_SetRxFiFo
 .text.HAL_PCDEx_LPM_Callback
                0x0000000008003714       0x18 ./Drivers/STM32F4xx_HAL_Driver/Src/stm32f4xx_hal_pcd_ex.o
                0x0000000008003714                HAL_PCDEx_LPM_Callback
 .text.HAL_RCC_OscConfig
                0x000000000800372c      0x4f0 ./Drivers/STM32F4xx_HAL_Driver/Src/stm32f4xx_hal_rcc.o
                0x000000000800372c                HAL_RCC_OscConfig
 .text.HAL_RCC_ClockConfig
                0x0000000008003c1c      0x1cc ./Drivers/STM32F4xx_HAL_Driver/Src/stm32f4xx_hal_rcc.o
                0x0000000008003c1c                HAL_RCC_ClockConfig
 .text.HAL_RCC_GetSysClockFreq
                0x0000000008003de8      0x1c0 ./Drivers/STM32F4xx_HAL_Driver/Src/stm32f4xx_hal_rcc.o
                0x0000000008003de8                HAL_RCC_GetSysClockFreq
 .text.HAL_RCC_GetHCLKFreq
                0x0000000008003fa8       0x18 ./Drivers/STM32F4xx_HAL_Driver/Src/stm32f4xx_hal_rcc.o
                0x0000000008003fa8                HAL_RCC_GetHCLKFreq
 .text.HAL_SPI_Init
                0x0000000008003fc0      0x112 ./Drivers/STM32F4xx_HAL_Driver/Src/stm32f4xx_hal_spi.o
                0x0000000008003fc0                HAL_SPI_Init
 .text.HAL_SPI_Transmit
                0x00000000080040d2      0x278 ./Drivers/STM32F4xx_HAL_Driver/Src/stm32f4xx_hal_spi.o
                0x00000000080040d2                HAL_SPI_Transmit
 .text.HAL_SPI_Receive
                0x000000000800434a      0x222 ./Drivers/STM32F4xx_HAL_Driver/Src/stm32f4xx_hal_spi.o
                0x000000000800434a                HAL_SPI_Receive
 .text.HAL_SPI_TransmitReceive
                0x000000000800456c      0x344 ./Drivers/STM32F4xx_HAL_Driver/Src/stm32f4xx_hal_spi.o
                0x000000000800456c                HAL_SPI_TransmitReceive
 .text.SPI_WaitFlagStateUntilTimeout
                0x00000000080048b0      0x110 ./Drivers/STM32F4xx_HAL_Driver/Src/stm32f4xx_hal_spi.o
 .text.SPI_EndRxTransaction
                0x00000000080049c0       0xca ./Drivers/STM32F4xx_HAL_Driver/Src/stm32f4xx_hal_spi.o
 *fill*         0x0000000008004a8a        0x2 
 .text.SPI_EndRxTxTransaction
                0x0000000008004a8c       0x84 ./Drivers/STM32F4xx_HAL_Driver/Src/stm32f4xx_hal_spi.o
 .text.HAL_TIM_Base_Init
                0x0000000008004b10       0x9e ./Drivers/STM32F4xx_HAL_Driver/Src/stm32f4xx_hal_tim.o
                0x0000000008004b10                HAL_TIM_Base_Init
 .text.HAL_TIM_ConfigClockSource
                0x0000000008004bae      0x18e ./Drivers/STM32F4xx_HAL_Driver/Src/stm32f4xx_hal_tim.o
                0x0000000008004bae                HAL_TIM_ConfigClockSource
 .text.TIM_Base_SetConfig
                0x0000000008004d3c      0x140 ./Drivers/STM32F4xx_HAL_Driver/Src/stm32f4xx_hal_tim.o
                0x0000000008004d3c                TIM_Base_SetConfig
 .text.TIM_TI1_ConfigInputStage
                0x0000000008004e7c       0x5e ./Drivers/STM32F4xx_HAL_Driver/Src/stm32f4xx_hal_tim.o
 .text.TIM_TI2_ConfigInputStage
                0x0000000008004eda       0x60 ./Drivers/STM32F4xx_HAL_Driver/Src/stm32f4xx_hal_tim.o
 .text.TIM_ITRx_SetConfig
                0x0000000008004f3a       0x36 ./Drivers/STM32F4xx_HAL_Driver/Src/stm32f4xx_hal_tim.o
 .text.TIM_ETR_SetConfig
                0x0000000008004f70       0x40 ./Drivers/STM32F4xx_HAL_Driver/Src/stm32f4xx_hal_tim.o
                0x0000000008004f70                TIM_ETR_SetConfig
 .text.HAL_TIMEx_MasterConfigSynchronization
                0x0000000008004fb0       0xf8 ./Drivers/STM32F4xx_HAL_Driver/Src/stm32f4xx_hal_tim_ex.o
                0x0000000008004fb0                HAL_TIMEx_MasterConfigSynchronization
 .text.USB_CoreInit
                0x00000000080050a8       0xc2 ./Drivers/STM32F4xx_HAL_Driver/Src/stm32f4xx_ll_usb.o
                0x00000000080050a8                USB_CoreInit
 *fill*         0x000000000800516a        0x2 
 .text.USB_SetTurnaroundTime
                0x000000000800516c      0x144 ./Drivers/STM32F4xx_HAL_Driver/Src/stm32f4xx_ll_usb.o
                0x000000000800516c                USB_SetTurnaroundTime
 .text.USB_EnableGlobalInt
                0x00000000080052b0       0x22 ./Drivers/STM32F4xx_HAL_Driver/Src/stm32f4xx_ll_usb.o
                0x00000000080052b0                USB_EnableGlobalInt
 .text.USB_DisableGlobalInt
                0x00000000080052d2       0x22 ./Drivers/STM32F4xx_HAL_Driver/Src/stm32f4xx_ll_usb.o
                0x00000000080052d2                USB_DisableGlobalInt
 .text.USB_SetCurrentMode
                0x00000000080052f4       0x98 ./Drivers/STM32F4xx_HAL_Driver/Src/stm32f4xx_ll_usb.o
                0x00000000080052f4                USB_SetCurrentMode
 .text.USB_DevInit
                0x000000000800538c      0x2c8 ./Drivers/STM32F4xx_HAL_Driver/Src/stm32f4xx_ll_usb.o
                0x000000000800538c                USB_DevInit
 .text.USB_FlushTxFifo
                0x0000000008005654       0x48 ./Drivers/STM32F4xx_HAL_Driver/Src/stm32f4xx_ll_usb.o
                0x0000000008005654                USB_FlushTxFifo
 .text.USB_FlushRxFifo
                0x000000000800569c       0x40 ./Drivers/STM32F4xx_HAL_Driver/Src/stm32f4xx_ll_usb.o
                0x000000000800569c                USB_FlushRxFifo
 .text.USB_SetDevSpeed
                0x00000000080056dc       0x32 ./Drivers/STM32F4xx_HAL_Driver/Src/stm32f4xx_ll_usb.o
                0x00000000080056dc                USB_SetDevSpeed
 .text.USB_GetDevSpeed
                0x000000000800570e       0x4a ./Drivers/STM32F4xx_HAL_Driver/Src/stm32f4xx_ll_usb.o
                0x000000000800570e                USB_GetDevSpeed
 .text.USB_ActivateEndpoint
                0x0000000008005758      0x10e ./Drivers/STM32F4xx_HAL_Driver/Src/stm32f4xx_ll_usb.o
                0x0000000008005758                USB_ActivateEndpoint
 *fill*         0x0000000008005866        0x2 
 .text.USB_DeactivateEndpoint
                0x0000000008005868      0x1b8 ./Drivers/STM32F4xx_HAL_Driver/Src/stm32f4xx_ll_usb.o
                0x0000000008005868                USB_DeactivateEndpoint
 .text.USB_EPStartXfer
                0x0000000008005a20      0x488 ./Drivers/STM32F4xx_HAL_Driver/Src/stm32f4xx_ll_usb.o
                0x0000000008005a20                USB_EPStartXfer
 .text.USB_EP0StartXfer
                0x0000000008005ea8      0x2a6 ./Drivers/STM32F4xx_HAL_Driver/Src/stm32f4xx_ll_usb.o
                0x0000000008005ea8                USB_EP0StartXfer
 .text.USB_WritePacket
                0x000000000800614e       0x7c ./Drivers/STM32F4xx_HAL_Driver/Src/stm32f4xx_ll_usb.o
                0x000000000800614e                USB_WritePacket
 .text.USB_ReadPacket
                0x00000000080061ca       0xb0 ./Drivers/STM32F4xx_HAL_Driver/Src/stm32f4xx_ll_usb.o
                0x00000000080061ca                USB_ReadPacket
 .text.USB_EPSetStall
                0x000000000800627a       0xdc ./Drivers/STM32F4xx_HAL_Driver/Src/stm32f4xx_ll_usb.o
                0x000000000800627a                USB_EPSetStall
 .text.USB_EPClearStall
                0x0000000008006356       0xcc ./Drivers/STM32F4xx_HAL_Driver/Src/stm32f4xx_ll_usb.o
                0x0000000008006356                USB_EPClearStall
 .text.USB_SetDevAddress
                0x0000000008006422       0x4c ./Drivers/STM32F4xx_HAL_Driver/Src/stm32f4xx_ll_usb.o
                0x0000000008006422                USB_SetDevAddress
 .text.USB_DevConnect
                0x000000000800646e       0x42 ./Drivers/STM32F4xx_HAL_Driver/Src/stm32f4xx_ll_usb.o
                0x000000000800646e                USB_DevConnect
 .text.USB_DevDisconnect
                0x00000000080064b0       0x42 ./Drivers/STM32F4xx_HAL_Driver/Src/stm32f4xx_ll_usb.o
                0x00000000080064b0                USB_DevDisconnect
 .text.USB_ReadInterrupts
                0x00000000080064f2       0x26 ./Drivers/STM32F4xx_HAL_Driver/Src/stm32f4xx_ll_usb.o
                0x00000000080064f2                USB_ReadInterrupts
 .text.USB_ReadDevAllOutEpInterrupt
                0x0000000008006518       0x34 ./Drivers/STM32F4xx_HAL_Driver/Src/stm32f4xx_ll_usb.o
                0x0000000008006518                USB_ReadDevAllOutEpInterrupt
 .text.USB_ReadDevAllInEpInterrupt
                0x000000000800654c       0x34 ./Drivers/STM32F4xx_HAL_Driver/Src/stm32f4xx_ll_usb.o
                0x000000000800654c                USB_ReadDevAllInEpInterrupt
 .text.USB_ReadDevOutEPInterrupt
                0x0000000008006580       0x3c ./Drivers/STM32F4xx_HAL_Driver/Src/stm32f4xx_ll_usb.o
                0x0000000008006580                USB_ReadDevOutEPInterrupt
 .text.USB_ReadDevInEPInterrupt
                0x00000000080065bc       0x5c ./Drivers/STM32F4xx_HAL_Driver/Src/stm32f4xx_ll_usb.o
                0x00000000080065bc                USB_ReadDevInEPInterrupt
 .text.USB_GetMode
                0x0000000008006618       0x1c ./Drivers/STM32F4xx_HAL_Driver/Src/stm32f4xx_ll_usb.o
                0x0000000008006618                USB_GetMode
 .text.USB_ActivateSetup
                0x0000000008006634       0x46 ./Drivers/STM32F4xx_HAL_Driver/Src/stm32f4xx_ll_usb.o
                0x0000000008006634                USB_ActivateSetup
 *fill*         0x000000000800667a        0x2 
 .text.USB_EP0_OutStart
                0x000000000800667c       0xbc ./Drivers/STM32F4xx_HAL_Driver/Src/stm32f4xx_ll_usb.o
                0x000000000800667c                USB_EP0_OutStart
 .text.USB_CoreReset
                0x0000000008006738       0x64 ./Drivers/STM32F4xx_HAL_Driver/Src/stm32f4xx_ll_usb.o
 .text.USBD_CDC_Init
                0x000000000800679c       0xfe ./Middlewares/ST/STM32_USB_Device_Library/Class/CDC/Src/usbd_cdc.o
 .text.USBD_CDC_DeInit
                0x000000000800689a       0x74 ./Middlewares/ST/STM32_USB_Device_Library/Class/CDC/Src/usbd_cdc.o
 *fill*         0x000000000800690e        0x2 
 .text.USBD_CDC_Setup
                0x0000000008006910      0x190 ./Middlewares/ST/STM32_USB_Device_Library/Class/CDC/Src/usbd_cdc.o
 .text.USBD_CDC_DataIn
                0x0000000008006aa0       0xca ./Middlewares/ST/STM32_USB_Device_Library/Class/CDC/Src/usbd_cdc.o
 .text.USBD_CDC_DataOut
                0x0000000008006b6a       0x56 ./Middlewares/ST/STM32_USB_Device_Library/Class/CDC/Src/usbd_cdc.o
 .text.USBD_CDC_EP0_RxReady
                0x0000000008006bc0       0x5a ./Middlewares/ST/STM32_USB_Device_Library/Class/CDC/Src/usbd_cdc.o
 *fill*         0x0000000008006c1a        0x2 
 .text.USBD_CDC_GetFSCfgDesc
                0x0000000008006c1c       0x20 ./Middlewares/ST/STM32_USB_Device_Library/Class/CDC/Src/usbd_cdc.o
 .text.USBD_CDC_GetHSCfgDesc
                0x0000000008006c3c       0x20 ./Middlewares/ST/STM32_USB_Device_Library/Class/CDC/Src/usbd_cdc.o
 .text.USBD_CDC_GetOtherSpeedCfgDesc
                0x0000000008006c5c       0x20 ./Middlewares/ST/STM32_USB_Device_Library/Class/CDC/Src/usbd_cdc.o
 .text.USBD_CDC_GetDeviceQualifierDescriptor
                0x0000000008006c7c       0x20 ./Middlewares/ST/STM32_USB_Device_Library/Class/CDC/Src/usbd_cdc.o
                0x0000000008006c7c                USBD_CDC_GetDeviceQualifierDescriptor
 .text.USBD_CDC_RegisterInterface
                0x0000000008006c9c       0x2a ./Middlewares/ST/STM32_USB_Device_Library/Class/CDC/Src/usbd_cdc.o
                0x0000000008006c9c                USBD_CDC_RegisterInterface
 .text.USBD_CDC_SetTxBuffer
                0x0000000008006cc6       0x3c ./Middlewares/ST/STM32_USB_Device_Library/Class/CDC/Src/usbd_cdc.o
                0x0000000008006cc6                USBD_CDC_SetTxBuffer
 .text.USBD_CDC_SetRxBuffer
                0x0000000008006d02       0x32 ./Middlewares/ST/STM32_USB_Device_Library/Class/CDC/Src/usbd_cdc.o
                0x0000000008006d02                USBD_CDC_SetRxBuffer
 .text.USBD_CDC_ReceivePacket
                0x0000000008006d34       0x54 ./Middlewares/ST/STM32_USB_Device_Library/Class/CDC/Src/usbd_cdc.o
                0x0000000008006d34                USBD_CDC_ReceivePacket
 .text.USBD_Init
                0x0000000008006d88       0x60 ./Middlewares/ST/STM32_USB_Device_Library/Core/Src/usbd_core.o
                0x0000000008006d88                USBD_Init
 .text.USBD_RegisterClass
                0x0000000008006de8       0x4e ./Middlewares/ST/STM32_USB_Device_Library/Core/Src/usbd_core.o
                0x0000000008006de8                USBD_RegisterClass
 .text.USBD_Start
                0x0000000008006e36       0x18 ./Middlewares/ST/STM32_USB_Device_Library/Core/Src/usbd_core.o
                0x0000000008006e36                USBD_Start
 .text.USBD_RunTestMode
                0x0000000008006e4e       0x16 ./Middlewares/ST/STM32_USB_Device_Library/Core/Src/usbd_core.o
                0x0000000008006e4e                USBD_RunTestMode
 .text.USBD_SetClassConfig
                0x0000000008006e64       0x38 ./Middlewares/ST/STM32_USB_Device_Library/Core/Src/usbd_core.o
                0x0000000008006e64                USBD_SetClassConfig
 .text.USBD_ClrClassConfig
                0x0000000008006e9c       0x30 ./Middlewares/ST/STM32_USB_Device_Library/Core/Src/usbd_core.o
                0x0000000008006e9c                USBD_ClrClassConfig
 .text.USBD_LL_SetupStage
                0x0000000008006ecc       0xaa ./Middlewares/ST/STM32_USB_Device_Library/Core/Src/usbd_core.o
                0x0000000008006ecc                USBD_LL_SetupStage
 .text.USBD_LL_DataOutStage
                0x0000000008006f76       0xc6 ./Middlewares/ST/STM32_USB_Device_Library/Core/Src/usbd_core.o
                0x0000000008006f76                USBD_LL_DataOutStage
 .text.USBD_LL_DataInStage
                0x000000000800703c      0x12c ./Middlewares/ST/STM32_USB_Device_Library/Core/Src/usbd_core.o
                0x000000000800703c                USBD_LL_DataInStage
 .text.USBD_LL_Reset
                0x0000000008007168       0x9c ./Middlewares/ST/STM32_USB_Device_Library/Core/Src/usbd_core.o
                0x0000000008007168                USBD_LL_Reset
 .text.USBD_LL_SetSpeed
                0x0000000008007204       0x20 ./Middlewares/ST/STM32_USB_Device_Library/Core/Src/usbd_core.o
                0x0000000008007204                USBD_LL_SetSpeed
 .text.USBD_LL_Suspend
                0x0000000008007224       0x2c ./Middlewares/ST/STM32_USB_Device_Library/Core/Src/usbd_core.o
                0x0000000008007224                USBD_LL_Suspend
 .text.USBD_LL_Resume
                0x0000000008007250       0x30 ./Middlewares/ST/STM32_USB_Device_Library/Core/Src/usbd_core.o
                0x0000000008007250                USBD_LL_Resume
 .text.USBD_LL_SOF
                0x0000000008007280       0x44 ./Middlewares/ST/STM32_USB_Device_Library/Core/Src/usbd_core.o
                0x0000000008007280                USBD_LL_SOF
 .text.USBD_LL_IsoINIncomplete
                0x00000000080072c4       0x4c ./Middlewares/ST/STM32_USB_Device_Library/Core/Src/usbd_core.o
                0x00000000080072c4                USBD_LL_IsoINIncomplete
 .text.USBD_LL_IsoOUTIncomplete
                0x0000000008007310       0x4c ./Middlewares/ST/STM32_USB_Device_Library/Core/Src/usbd_core.o
                0x0000000008007310                USBD_LL_IsoOUTIncomplete
 .text.USBD_LL_DevConnected
                0x000000000800735c       0x16 ./Middlewares/ST/STM32_USB_Device_Library/Core/Src/usbd_core.o
                0x000000000800735c                USBD_LL_DevConnected
 .text.USBD_LL_DevDisconnected
                0x0000000008007372       0x38 ./Middlewares/ST/STM32_USB_Device_Library/Core/Src/usbd_core.o
                0x0000000008007372                USBD_LL_DevDisconnected
 .text.SWAPBYTE
                0x00000000080073aa       0x3c ./Middlewares/ST/STM32_USB_Device_Library/Core/Src/usbd_ctlreq.o
 *fill*         0x00000000080073e6        0x2 
 .text.USBD_StdDevReq
                0x00000000080073e8       0xdc ./Middlewares/ST/STM32_USB_Device_Library/Core/Src/usbd_ctlreq.o
                0x00000000080073e8                USBD_StdDevReq
 .text.USBD_StdItfReq
                0x00000000080074c4       0x92 ./Middlewares/ST/STM32_USB_Device_Library/Core/Src/usbd_ctlreq.o
                0x00000000080074c4                USBD_StdItfReq
 .text.USBD_StdEPReq
                0x0000000008007556      0x2c4 ./Middlewares/ST/STM32_USB_Device_Library/Core/Src/usbd_ctlreq.o
                0x0000000008007556                USBD_StdEPReq
 *fill*         0x000000000800781a        0x2 
 .text.USBD_GetDescriptor
                0x000000000800781c      0x2d4 ./Middlewares/ST/STM32_USB_Device_Library/Core/Src/usbd_ctlreq.o
 .text.USBD_SetAddress
                0x0000000008007af0       0x88 ./Middlewares/ST/STM32_USB_Device_Library/Core/Src/usbd_ctlreq.o
 .text.USBD_SetConfig
                0x0000000008007b78      0x14c ./Middlewares/ST/STM32_USB_Device_Library/Core/Src/usbd_ctlreq.o
 .text.USBD_GetConfig
                0x0000000008007cc4       0x6c ./Middlewares/ST/STM32_USB_Device_Library/Core/Src/usbd_ctlreq.o
 .text.USBD_GetStatus
                0x0000000008007d30       0x68 ./Middlewares/ST/STM32_USB_Device_Library/Core/Src/usbd_ctlreq.o
 .text.USBD_SetFeature
                0x0000000008007d98       0x28 ./Middlewares/ST/STM32_USB_Device_Library/Core/Src/usbd_ctlreq.o
 .text.USBD_ClrFeature
                0x0000000008007dc0       0x44 ./Middlewares/ST/STM32_USB_Device_Library/Core/Src/usbd_ctlreq.o
 .text.USBD_ParseSetupRequest
                0x0000000008007e04       0x74 ./Middlewares/ST/STM32_USB_Device_Library/Core/Src/usbd_ctlreq.o
                0x0000000008007e04                USBD_ParseSetupRequest
 .text.USBD_CtlError
                0x0000000008007e78       0x22 ./Middlewares/ST/STM32_USB_Device_Library/Core/Src/usbd_ctlreq.o
                0x0000000008007e78                USBD_CtlError
 .text.USBD_GetString
                0x0000000008007e9a       0x8c ./Middlewares/ST/STM32_USB_Device_Library/Core/Src/usbd_ctlreq.o
                0x0000000008007e9a                USBD_GetString
 .text.USBD_GetLen
                0x0000000008007f26       0x34 ./Middlewares/ST/STM32_USB_Device_Library/Core/Src/usbd_ctlreq.o
 .text.USBD_CtlSendData
                0x0000000008007f5a       0x36 ./Middlewares/ST/STM32_USB_Device_Library/Core/Src/usbd_ioreq.o
                0x0000000008007f5a                USBD_CtlSendData
 .text.USBD_CtlContinueSendData
                0x0000000008007f90       0x22 ./Middlewares/ST/STM32_USB_Device_Library/Core/Src/usbd_ioreq.o
                0x0000000008007f90                USBD_CtlContinueSendData
 .text.USBD_CtlPrepareRx
                0x0000000008007fb2       0x3a ./Middlewares/ST/STM32_USB_Device_Library/Core/Src/usbd_ioreq.o
                0x0000000008007fb2                USBD_CtlPrepareRx
 .text.USBD_CtlContinueRx
                0x0000000008007fec       0x22 ./Middlewares/ST/STM32_USB_Device_Library/Core/Src/usbd_ioreq.o
                0x0000000008007fec                USBD_CtlContinueRx
 .text.USBD_CtlSendStatus
                0x000000000800800e       0x26 ./Middlewares/ST/STM32_USB_Device_Library/Core/Src/usbd_ioreq.o
                0x000000000800800e                USBD_CtlSendStatus
 .text.USBD_CtlReceiveStatus
                0x0000000008008034       0x26 ./Middlewares/ST/STM32_USB_Device_Library/Core/Src/usbd_ioreq.o
                0x0000000008008034                USBD_CtlReceiveStatus
 *fill*         0x000000000800805a        0x2 
 .text.MX_USB_DEVICE_Init
                0x000000000800805c       0x60 ./USB_DEVICE/App/usb_device.o
                0x000000000800805c                MX_USB_DEVICE_Init
 .text.CDC_Init_FS
                0x00000000080080bc       0x28 ./USB_DEVICE/App/usbd_cdc_if.o
 .text.CDC_DeInit_FS
                0x00000000080080e4       0x10 ./USB_DEVICE/App/usbd_cdc_if.o
 .text.CDC_Control_FS
                0x00000000080080f4       0xbc ./USB_DEVICE/App/usbd_cdc_if.o
 .text.CDC_Receive_FS
                0x00000000080081b0       0x28 ./USB_DEVICE/App/usbd_cdc_if.o
 .text.CDC_TransmitCplt_FS
                0x00000000080081d8       0x22 ./USB_DEVICE/App/usbd_cdc_if.o
 *fill*         0x00000000080081fa        0x2 
 .text.USBD_FS_DeviceDescriptor
                0x00000000080081fc       0x24 ./USB_DEVICE/App/usbd_desc.o
                0x00000000080081fc                USBD_FS_DeviceDescriptor
 .text.USBD_FS_LangIDStrDescriptor
                0x0000000008008220       0x24 ./USB_DEVICE/App/usbd_desc.o
                0x0000000008008220                USBD_FS_LangIDStrDescriptor
 .text.USBD_FS_ProductStrDescriptor
                0x0000000008008244       0x3c ./USB_DEVICE/App/usbd_desc.o
                0x0000000008008244                USBD_FS_ProductStrDescriptor
 .text.USBD_FS_ManufacturerStrDescriptor
                0x0000000008008280       0x28 ./USB_DEVICE/App/usbd_desc.o
                0x0000000008008280                USBD_FS_ManufacturerStrDescriptor
 .text.USBD_FS_SerialStrDescriptor
                0x00000000080082a8       0x24 ./USB_DEVICE/App/usbd_desc.o
                0x00000000080082a8                USBD_FS_SerialStrDescriptor
 .text.USBD_FS_ConfigStrDescriptor
                0x00000000080082cc       0x3c ./USB_DEVICE/App/usbd_desc.o
                0x00000000080082cc                USBD_FS_ConfigStrDescriptor
 .text.USBD_FS_InterfaceStrDescriptor
                0x0000000008008308       0x3c ./USB_DEVICE/App/usbd_desc.o
                0x0000000008008308                USBD_FS_InterfaceStrDescriptor
 .text.Get_SerialNum
                0x0000000008008344       0x58 ./USB_DEVICE/App/usbd_desc.o
 .text.IntToUnicode
                0x000000000800839c       0x7e ./USB_DEVICE/App/usbd_desc.o
 *fill*         0x000000000800841a        0x2 
 .text.HAL_PCD_MspInit
                0x000000000800841c       0xa8 ./USB_DEVICE/Target/usbd_conf.o
                0x000000000800841c                HAL_PCD_MspInit
 .text.HAL_PCD_SetupStageCallback
                0x00000000080084c4       0x24 ./USB_DEVICE/Target/usbd_conf.o
                0x00000000080084c4                HAL_PCD_SetupStageCallback
 .text.HAL_PCD_DataOutStageCallback
                0x00000000080084e8       0x36 ./USB_DEVICE/Target/usbd_conf.o
                0x00000000080084e8                HAL_PCD_DataOutStageCallback
 .text.HAL_PCD_DataInStageCallback
                0x000000000800851e       0x34 ./USB_DEVICE/Target/usbd_conf.o
                0x000000000800851e                HAL_PCD_DataInStageCallback
 .text.HAL_PCD_SOFCallback
                0x0000000008008552       0x1c ./USB_DEVICE/Target/usbd_conf.o
                0x0000000008008552                HAL_PCD_SOFCallback
 .text.HAL_PCD_ResetCallback
                0x000000000800856e       0x50 ./USB_DEVICE/Target/usbd_conf.o
                0x000000000800856e                HAL_PCD_ResetCallback
 *fill*         0x00000000080085be        0x2 
 .text.HAL_PCD_SuspendCallback
                0x00000000080085c0       0x4c ./USB_DEVICE/Target/usbd_conf.o
                0x00000000080085c0                HAL_PCD_SuspendCallback
 .text.HAL_PCD_ResumeCallback
                0x000000000800860c       0x1c ./USB_DEVICE/Target/usbd_conf.o
                0x000000000800860c                HAL_PCD_ResumeCallback
 .text.HAL_PCD_ISOOUTIncompleteCallback
                0x0000000008008628       0x24 ./USB_DEVICE/Target/usbd_conf.o
                0x0000000008008628                HAL_PCD_ISOOUTIncompleteCallback
 .text.HAL_PCD_ISOINIncompleteCallback
                0x000000000800864c       0x24 ./USB_DEVICE/Target/usbd_conf.o
                0x000000000800864c                HAL_PCD_ISOINIncompleteCallback
 .text.HAL_PCD_ConnectCallback
                0x0000000008008670       0x1c ./USB_DEVICE/Target/usbd_conf.o
                0x0000000008008670                HAL_PCD_ConnectCallback
 .text.HAL_PCD_DisconnectCallback
                0x000000000800868c       0x1c ./USB_DEVICE/Target/usbd_conf.o
                0x000000000800868c                HAL_PCD_DisconnectCallback
 .text.USBD_LL_Init
                0x00000000080086a8       0x98 ./USB_DEVICE/Target/usbd_conf.o
                0x00000000080086a8                USBD_LL_Init
 .text.USBD_LL_Start
                0x0000000008008740       0x36 ./USB_DEVICE/Target/usbd_conf.o
                0x0000000008008740                USBD_LL_Start
 .text.USBD_LL_OpenEP
                0x0000000008008776       0x4c ./USB_DEVICE/Target/usbd_conf.o
                0x0000000008008776                USBD_LL_OpenEP
 .text.USBD_LL_CloseEP
                0x00000000080087c2       0x3e ./USB_DEVICE/Target/usbd_conf.o
                0x00000000080087c2                USBD_LL_CloseEP
 .text.USBD_LL_StallEP
                0x0000000008008800       0x3e ./USB_DEVICE/Target/usbd_conf.o
                0x0000000008008800                USBD_LL_StallEP
 .text.USBD_LL_ClearStallEP
                0x000000000800883e       0x3e ./USB_DEVICE/Target/usbd_conf.o
                0x000000000800883e                USBD_LL_ClearStallEP
 .text.USBD_LL_IsStallEP
                0x000000000800887c       0x58 ./USB_DEVICE/Target/usbd_conf.o
                0x000000000800887c                USBD_LL_IsStallEP
 .text.USBD_LL_SetUSBAddress
                0x00000000080088d4       0x3e ./USB_DEVICE/Target/usbd_conf.o
                0x00000000080088d4                USBD_LL_SetUSBAddress
 .text.USBD_LL_Transmit
                0x0000000008008912       0x42 ./USB_DEVICE/Target/usbd_conf.o
                0x0000000008008912                USBD_LL_Transmit
 .text.USBD_LL_PrepareReceive
                0x0000000008008954       0x42 ./USB_DEVICE/Target/usbd_conf.o
                0x0000000008008954                USBD_LL_PrepareReceive
 .text.USBD_LL_GetRxDataSize
                0x0000000008008996       0x26 ./USB_DEVICE/Target/usbd_conf.o
                0x0000000008008996                USBD_LL_GetRxDataSize
 .text.USBD_static_malloc
                0x00000000080089bc       0x1c ./USB_DEVICE/Target/usbd_conf.o
                0x00000000080089bc                USBD_static_malloc
 .text.USBD_static_free
                0x00000000080089d8       0x14 ./USB_DEVICE/Target/usbd_conf.o
                0x00000000080089d8                USBD_static_free
 .text.USBD_Get_USB_Status
                0x00000000080089ec       0x58 ./USB_DEVICE/Target/usbd_conf.o
                0x00000000080089ec                USBD_Get_USB_Status
 .text.__libc_init_array
                0x0000000008008a44       0x48 c:/st/stm32cubeide_1.7.0/stm32cubeide/plugins/com.st.stm32cube.ide.mcu.externaltools.gnu-tools-for-stm32.9-2020-q2-update.win32_2.0.0.202105311346/tools/bin/../lib/gcc/arm-none-eabi/9.3.1/../../../../arm-none-eabi/lib/thumb/v7e-m+fp/hard\libc_nano.a(lib_a-init.o)
                0x0000000008008a44                __libc_init_array
 .text.memset   0x0000000008008a8c       0x10 c:/st/stm32cubeide_1.7.0/stm32cubeide/plugins/com.st.stm32cube.ide.mcu.externaltools.gnu-tools-for-stm32.9-2020-q2-update.win32_2.0.0.202105311346/tools/bin/../lib/gcc/arm-none-eabi/9.3.1/../../../../arm-none-eabi/lib/thumb/v7e-m+fp/hard\libc_nano.a(lib_a-memset.o)
                0x0000000008008a8c                memset
 *(.glue_7)
 .glue_7        0x0000000008008a9c        0x0 linker stubs
 *(.glue_7t)
 .glue_7t       0x0000000008008a9c        0x0 linker stubs
 *(.eh_frame)
 .eh_frame      0x0000000008008a9c        0x0 c:/st/stm32cubeide_1.7.0/stm32cubeide/plugins/com.st.stm32cube.ide.mcu.externaltools.gnu-tools-for-stm32.9-2020-q2-update.win32_2.0.0.202105311346/tools/bin/../lib/gcc/arm-none-eabi/9.3.1/thumb/v7e-m+fp/hard/crtbegin.o
 *(.init)
 .init          0x0000000008008a9c        0x4 c:/st/stm32cubeide_1.7.0/stm32cubeide/plugins/com.st.stm32cube.ide.mcu.externaltools.gnu-tools-for-stm32.9-2020-q2-update.win32_2.0.0.202105311346/tools/bin/../lib/gcc/arm-none-eabi/9.3.1/thumb/v7e-m+fp/hard/crti.o
                0x0000000008008a9c                _init
 .init          0x0000000008008aa0        0x8 c:/st/stm32cubeide_1.7.0/stm32cubeide/plugins/com.st.stm32cube.ide.mcu.externaltools.gnu-tools-for-stm32.9-2020-q2-update.win32_2.0.0.202105311346/tools/bin/../lib/gcc/arm-none-eabi/9.3.1/thumb/v7e-m+fp/hard/crtn.o
 *(.fini)
 .fini          0x0000000008008aa8        0x4 c:/st/stm32cubeide_1.7.0/stm32cubeide/plugins/com.st.stm32cube.ide.mcu.externaltools.gnu-tools-for-stm32.9-2020-q2-update.win32_2.0.0.202105311346/tools/bin/../lib/gcc/arm-none-eabi/9.3.1/thumb/v7e-m+fp/hard/crti.o
                0x0000000008008aa8                _fini
 .fini          0x0000000008008aac        0x8 c:/st/stm32cubeide_1.7.0/stm32cubeide/plugins/com.st.stm32cube.ide.mcu.externaltools.gnu-tools-for-stm32.9-2020-q2-update.win32_2.0.0.202105311346/tools/bin/../lib/gcc/arm-none-eabi/9.3.1/thumb/v7e-m+fp/hard/crtn.o
                0x0000000008008ab4                . = ALIGN (0x4)
                0x0000000008008ab4                _etext = .

.vfp11_veneer   0x0000000008008ab4        0x0
 .vfp11_veneer  0x0000000008008ab4        0x0 linker stubs

.v4_bx          0x0000000008008ab4        0x0
 .v4_bx         0x0000000008008ab4        0x0 linker stubs

.iplt           0x0000000008008ab4        0x0
 .iplt          0x0000000008008ab4        0x0 c:/st/stm32cubeide_1.7.0/stm32cubeide/plugins/com.st.stm32cube.ide.mcu.externaltools.gnu-tools-for-stm32.9-2020-q2-update.win32_2.0.0.202105311346/tools/bin/../lib/gcc/arm-none-eabi/9.3.1/thumb/v7e-m+fp/hard/crtbegin.o

.rodata         0x0000000008008ab4       0x58
                0x0000000008008ab4                . = ALIGN (0x4)
 *(.rodata)
 .rodata        0x0000000008008ab4       0x46 ./USB_DEVICE/App/usbd_desc.o
 *(.rodata*)
 *fill*         0x0000000008008afa        0x2 
 .rodata.AHBPrescTable
                0x0000000008008afc       0x10 ./Core/Src/system_stm32f4xx.o
                0x0000000008008afc                AHBPrescTable
                0x0000000008008b0c                . = ALIGN (0x4)

.ARM.extab      0x0000000008008b0c        0x0
                0x0000000008008b0c                . = ALIGN (0x4)
 *(.ARM.extab* .gnu.linkonce.armextab.*)
                0x0000000008008b0c                . = ALIGN (0x4)

.ARM            0x0000000008008b0c        0x8
                0x0000000008008b0c                . = ALIGN (0x4)
                0x0000000008008b0c                __exidx_start = .
 *(.ARM.exidx*)
 .ARM.exidx     0x0000000008008b0c        0x8 c:/st/stm32cubeide_1.7.0/stm32cubeide/plugins/com.st.stm32cube.ide.mcu.externaltools.gnu-tools-for-stm32.9-2020-q2-update.win32_2.0.0.202105311346/tools/bin/../lib/gcc/arm-none-eabi/9.3.1/thumb/v7e-m+fp/hard\libgcc.a(_udivmoddi4.o)
                0x0000000008008b14                __exidx_end = .
                0x0000000008008b14                . = ALIGN (0x4)

.rel.dyn        0x0000000008008b14        0x0
 .rel.iplt      0x0000000008008b14        0x0 c:/st/stm32cubeide_1.7.0/stm32cubeide/plugins/com.st.stm32cube.ide.mcu.externaltools.gnu-tools-for-stm32.9-2020-q2-update.win32_2.0.0.202105311346/tools/bin/../lib/gcc/arm-none-eabi/9.3.1/thumb/v7e-m+fp/hard/crtbegin.o

.preinit_array  0x0000000008008b14        0x0
                0x0000000008008b14                . = ALIGN (0x4)
                0x0000000008008b14                PROVIDE (__preinit_array_start = .)
 *(.preinit_array*)
                0x0000000008008b14                PROVIDE (__preinit_array_end = .)
                0x0000000008008b14                . = ALIGN (0x4)

.init_array     0x0000000008008b14        0x4
                0x0000000008008b14                . = ALIGN (0x4)
                0x0000000008008b14                PROVIDE (__init_array_start = .)
 *(SORT_BY_NAME(.init_array.*))
 *(.init_array*)
 .init_array    0x0000000008008b14        0x4 c:/st/stm32cubeide_1.7.0/stm32cubeide/plugins/com.st.stm32cube.ide.mcu.externaltools.gnu-tools-for-stm32.9-2020-q2-update.win32_2.0.0.202105311346/tools/bin/../lib/gcc/arm-none-eabi/9.3.1/thumb/v7e-m+fp/hard/crtbegin.o
                0x0000000008008b18                PROVIDE (__init_array_end = .)
                0x0000000008008b18                . = ALIGN (0x4)

.fini_array     0x0000000008008b18        0x4
                0x0000000008008b18                . = ALIGN (0x4)
                [!provide]                        PROVIDE (__fini_array_start = .)
 *(SORT_BY_NAME(.fini_array.*))
 *(.fini_array*)
 .fini_array    0x0000000008008b18        0x4 c:/st/stm32cubeide_1.7.0/stm32cubeide/plugins/com.st.stm32cube.ide.mcu.externaltools.gnu-tools-for-stm32.9-2020-q2-update.win32_2.0.0.202105311346/tools/bin/../lib/gcc/arm-none-eabi/9.3.1/thumb/v7e-m+fp/hard/crtbegin.o
                [!provide]                        PROVIDE (__fini_array_end = .)
                0x0000000008008b1c                . = ALIGN (0x4)
                0x0000000008008b1c                _sidata = LOADADDR (.data)

.data           0x0000000020000000      0x190 load address 0x0000000008008b1c
                0x0000000020000000                . = ALIGN (0x4)
                0x0000000020000000                _sdata = .
 *(.data)
 *(.data*)
 .data.TxAddress
                0x0000000020000000        0x5 ./Core/Src/main.o
                0x0000000020000000                TxAddress
 *fill*         0x0000000020000005        0x3 
 .data.RxAddress
                0x0000000020000008        0x5 ./Core/Src/main.o
                0x0000000020000008                RxAddress
 *fill*         0x000000002000000d        0x3 
 .data.SystemCoreClock
                0x0000000020000010        0x4 ./Core/Src/system_stm32f4xx.o
                0x0000000020000010                SystemCoreClock
 .data.uwTickPrio
                0x0000000020000014        0x4 ./Drivers/STM32F4xx_HAL_Driver/Src/stm32f4xx_hal.o
                0x0000000020000014                uwTickPrio
 .data.uwTickFreq
                0x0000000020000018        0x1 ./Drivers/STM32F4xx_HAL_Driver/Src/stm32f4xx_hal.o
                0x0000000020000018                uwTickFreq
 *fill*         0x0000000020000019        0x3 
 .data.USBD_CDC_DeviceQualifierDesc
                0x000000002000001c        0xa ./Middlewares/ST/STM32_USB_Device_Library/Class/CDC/Src/usbd_cdc.o
 *fill*         0x0000000020000026        0x2 
 .data.USBD_CDC
                0x0000000020000028       0x38 ./Middlewares/ST/STM32_USB_Device_Library/Class/CDC/Src/usbd_cdc.o
                0x0000000020000028                USBD_CDC
 .data.USBD_CDC_CfgHSDesc
                0x0000000020000060       0x43 ./Middlewares/ST/STM32_USB_Device_Library/Class/CDC/Src/usbd_cdc.o
 *fill*         0x00000000200000a3        0x1 
 .data.USBD_CDC_CfgFSDesc
                0x00000000200000a4       0x43 ./Middlewares/ST/STM32_USB_Device_Library/Class/CDC/Src/usbd_cdc.o
 *fill*         0x00000000200000e7        0x1 
 .data.USBD_CDC_OtherSpeedCfgDesc
                0x00000000200000e8       0x43 ./Middlewares/ST/STM32_USB_Device_Library/Class/CDC/Src/usbd_cdc.o
 *fill*         0x000000002000012b        0x1 
 .data.USBD_Interface_fops_FS
                0x000000002000012c       0x14 ./USB_DEVICE/App/usbd_cdc_if.o
                0x000000002000012c                USBD_Interface_fops_FS
 .data.FS_Desc  0x0000000020000140       0x1c ./USB_DEVICE/App/usbd_desc.o
                0x0000000020000140                FS_Desc
 .data.USBD_FS_DeviceDesc
                0x000000002000015c       0x12 ./USB_DEVICE/App/usbd_desc.o
                0x000000002000015c                USBD_FS_DeviceDesc
 *fill*         0x000000002000016e        0x2 
 .data.USBD_LangIDDesc
                0x0000000020000170        0x4 ./USB_DEVICE/App/usbd_desc.o
                0x0000000020000170                USBD_LangIDDesc
 .data.USBD_StringSerial
                0x0000000020000174       0x1a ./USB_DEVICE/App/usbd_desc.o
                0x0000000020000174                USBD_StringSerial
 *(.RamFunc)
 *(.RamFunc*)
                0x0000000020000190                . = ALIGN (0x4)
 *fill*         0x000000002000018e        0x2 
                0x0000000020000190                _edata = .
                0x0000000008008cac                _siccmram = LOADADDR (.ccmram)

.igot.plt       0x0000000020000190        0x0 load address 0x0000000008008cac
 .igot.plt      0x0000000020000190        0x0 c:/st/stm32cubeide_1.7.0/stm32cubeide/plugins/com.st.stm32cube.ide.mcu.externaltools.gnu-tools-for-stm32.9-2020-q2-update.win32_2.0.0.202105311346/tools/bin/../lib/gcc/arm-none-eabi/9.3.1/thumb/v7e-m+fp/hard/crtbegin.o

.ccmram         0x0000000010000000        0x0 load address 0x0000000008008cac
                0x0000000010000000                . = ALIGN (0x4)
                0x0000000010000000                _sccmram = .
 *(.ccmram)
 *(.ccmram*)
                0x0000000010000000                . = ALIGN (0x4)
                0x0000000010000000                _eccmram = .
                0x0000000010000000                . = ALIGN (0x4)

.bss            0x0000000020000190     0x1c30
                0x0000000020000190                _sbss = .
                0x0000000020000190                __bss_start__ = _sbss
 *(.bss)
 .bss           0x0000000020000190       0x1c c:/st/stm32cubeide_1.7.0/stm32cubeide/plugins/com.st.stm32cube.ide.mcu.externaltools.gnu-tools-for-stm32.9-2020-q2-update.win32_2.0.0.202105311346/tools/bin/../lib/gcc/arm-none-eabi/9.3.1/thumb/v7e-m+fp/hard/crtbegin.o
 *(.bss*)
 .bss.datacheck
                0x00000000200001ac        0x4 ./Core/Src/main.o
                0x00000000200001ac                datacheck
 .bss.cfgidx.10711
                0x00000000200001b0        0x1 ./Middlewares/ST/STM32_USB_Device_Library/Core/Src/usbd_ctlreq.o
 *fill*         0x00000000200001b1        0x3 
 .bss.mem.10780
                0x00000000200001b4      0x220 ./USB_DEVICE/Target/usbd_conf.o
 *(COMMON)
 COMMON         0x00000000200003d4      0x110 ./Core/Src/main.o
                0x00000000200003d4                TxData
                0x00000000200003dc                TxMailbox
                0x00000000200003e0                hspi1
                0x0000000020000438                RxData
                0x0000000020000440                htim2
                0x0000000020000488                hcan1
                0x00000000200004b0                TxHeader
                0x00000000200004c8                RxHeader
 COMMON         0x00000000200004e4        0x4 ./Drivers/STM32F4xx_HAL_Driver/Src/stm32f4xx_hal.o
                0x00000000200004e4                uwTick
 COMMON         0x00000000200004e8      0x2d0 ./USB_DEVICE/App/usb_device.o
                0x00000000200004e8                hUsbDeviceFS
 COMMON         0x00000000200007b8     0x1000 ./USB_DEVICE/App/usbd_cdc_if.o
                0x00000000200007b8                UserRxBufferFS
                0x0000000020000fb8                UserTxBufferFS
 COMMON         0x00000000200017b8      0x200 ./USB_DEVICE/App/usbd_desc.o
                0x00000000200017b8                USBD_StrDesc
 COMMON         0x00000000200019b8      0x408 ./USB_DEVICE/Target/usbd_conf.o
                0x00000000200019b8                hpcd_USB_OTG_FS
                0x0000000020001dc0                . = ALIGN (0x4)
                0x0000000020001dc0                _ebss = .
                0x0000000020001dc0                __bss_end__ = _ebss

._user_heap_stack
                0x0000000020001dc0      0x600
                0x0000000020001dc0                . = ALIGN (0x8)
                [!provide]                        PROVIDE (end = .)
                0x0000000020001dc0                PROVIDE (_end = .)
                0x0000000020001fc0                . = (. + _Min_Heap_Size)
 *fill*         0x0000000020001dc0      0x200 
                0x00000000200023c0                . = (. + _Min_Stack_Size)
 *fill*         0x0000000020001fc0      0x400 
                0x00000000200023c0                . = ALIGN (0x8)

/DISCARD/
 libc.a(*)
 libm.a(*)
 libgcc.a(*)

.ARM.attributes
                0x0000000000000000       0x30
 *(.ARM.attributes)
 .ARM.attributes
                0x0000000000000000       0x1e c:/st/stm32cubeide_1.7.0/stm32cubeide/plugins/com.st.stm32cube.ide.mcu.externaltools.gnu-tools-for-stm32.9-2020-q2-update.win32_2.0.0.202105311346/tools/bin/../lib/gcc/arm-none-eabi/9.3.1/thumb/v7e-m+fp/hard/crti.o
 .ARM.attributes
                0x000000000000001e       0x34 c:/st/stm32cubeide_1.7.0/stm32cubeide/plugins/com.st.stm32cube.ide.mcu.externaltools.gnu-tools-for-stm32.9-2020-q2-update.win32_2.0.0.202105311346/tools/bin/../lib/gcc/arm-none-eabi/9.3.1/thumb/v7e-m+fp/hard/crtbegin.o
 .ARM.attributes
                0x0000000000000052       0x34 ./Core/Src/NRF24L01.o
 .ARM.attributes
                0x0000000000000086       0x34 ./Core/Src/main.o
 .ARM.attributes
                0x00000000000000ba       0x34 ./Core/Src/stm32f4xx_hal_msp.o
 .ARM.attributes
                0x00000000000000ee       0x34 ./Core/Src/stm32f4xx_it.o
 .ARM.attributes
                0x0000000000000122       0x34 ./Core/Src/system_stm32f4xx.o
 .ARM.attributes
                0x0000000000000156       0x21 ./Core/Startup/startup_stm32f407vgtx.o
 .ARM.attributes
                0x0000000000000177       0x34 ./Drivers/STM32F4xx_HAL_Driver/Src/stm32f4xx_hal.o
 .ARM.attributes
                0x00000000000001ab       0x34 ./Drivers/STM32F4xx_HAL_Driver/Src/stm32f4xx_hal_can.o
 .ARM.attributes
                0x00000000000001df       0x34 ./Drivers/STM32F4xx_HAL_Driver/Src/stm32f4xx_hal_cortex.o
 .ARM.attributes
                0x0000000000000213       0x34 ./Drivers/STM32F4xx_HAL_Driver/Src/stm32f4xx_hal_gpio.o
 .ARM.attributes
                0x0000000000000247       0x34 ./Drivers/STM32F4xx_HAL_Driver/Src/stm32f4xx_hal_pcd.o
 .ARM.attributes
                0x000000000000027b       0x34 ./Drivers/STM32F4xx_HAL_Driver/Src/stm32f4xx_hal_pcd_ex.o
 .ARM.attributes
                0x00000000000002af       0x34 ./Drivers/STM32F4xx_HAL_Driver/Src/stm32f4xx_hal_rcc.o
 .ARM.attributes
                0x00000000000002e3       0x34 ./Drivers/STM32F4xx_HAL_Driver/Src/stm32f4xx_hal_spi.o
 .ARM.attributes
                0x0000000000000317       0x34 ./Drivers/STM32F4xx_HAL_Driver/Src/stm32f4xx_hal_tim.o
 .ARM.attributes
                0x000000000000034b       0x34 ./Drivers/STM32F4xx_HAL_Driver/Src/stm32f4xx_hal_tim_ex.o
 .ARM.attributes
                0x000000000000037f       0x34 ./Drivers/STM32F4xx_HAL_Driver/Src/stm32f4xx_ll_usb.o
 .ARM.attributes
                0x00000000000003b3       0x34 ./Middlewares/ST/STM32_USB_Device_Library/Class/CDC/Src/usbd_cdc.o
 .ARM.attributes
                0x00000000000003e7       0x34 ./Middlewares/ST/STM32_USB_Device_Library/Core/Src/usbd_core.o
 .ARM.attributes
                0x000000000000041b       0x34 ./Middlewares/ST/STM32_USB_Device_Library/Core/Src/usbd_ctlreq.o
 .ARM.attributes
                0x000000000000044f       0x34 ./Middlewares/ST/STM32_USB_Device_Library/Core/Src/usbd_ioreq.o
 .ARM.attributes
                0x0000000000000483       0x34 ./USB_DEVICE/App/usb_device.o
 .ARM.attributes
                0x00000000000004b7       0x34 ./USB_DEVICE/App/usbd_cdc_if.o
 .ARM.attributes
                0x00000000000004eb       0x34 ./USB_DEVICE/App/usbd_desc.o
 .ARM.attributes
                0x000000000000051f       0x34 ./USB_DEVICE/Target/usbd_conf.o
 .ARM.attributes
                0x0000000000000553       0x34 c:/st/stm32cubeide_1.7.0/stm32cubeide/plugins/com.st.stm32cube.ide.mcu.externaltools.gnu-tools-for-stm32.9-2020-q2-update.win32_2.0.0.202105311346/tools/bin/../lib/gcc/arm-none-eabi/9.3.1/../../../../arm-none-eabi/lib/thumb/v7e-m+fp/hard\libc_nano.a(lib_a-init.o)
 .ARM.attributes
                0x0000000000000587       0x34 c:/st/stm32cubeide_1.7.0/stm32cubeide/plugins/com.st.stm32cube.ide.mcu.externaltools.gnu-tools-for-stm32.9-2020-q2-update.win32_2.0.0.202105311346/tools/bin/../lib/gcc/arm-none-eabi/9.3.1/../../../../arm-none-eabi/lib/thumb/v7e-m+fp/hard\libc_nano.a(lib_a-memset.o)
 .ARM.attributes
                0x00000000000005bb       0x1e c:/st/stm32cubeide_1.7.0/stm32cubeide/plugins/com.st.stm32cube.ide.mcu.externaltools.gnu-tools-for-stm32.9-2020-q2-update.win32_2.0.0.202105311346/tools/bin/../lib/gcc/arm-none-eabi/9.3.1/thumb/v7e-m+fp/hard\libgcc.a(_aeabi_uldivmod.o)
 .ARM.attributes
                0x00000000000005d9       0x34 c:/st/stm32cubeide_1.7.0/stm32cubeide/plugins/com.st.stm32cube.ide.mcu.externaltools.gnu-tools-for-stm32.9-2020-q2-update.win32_2.0.0.202105311346/tools/bin/../lib/gcc/arm-none-eabi/9.3.1/thumb/v7e-m+fp/hard\libgcc.a(_udivmoddi4.o)
 .ARM.attributes
                0x000000000000060d       0x1e c:/st/stm32cubeide_1.7.0/stm32cubeide/plugins/com.st.stm32cube.ide.mcu.externaltools.gnu-tools-for-stm32.9-2020-q2-update.win32_2.0.0.202105311346/tools/bin/../lib/gcc/arm-none-eabi/9.3.1/thumb/v7e-m+fp/hard\libgcc.a(_dvmd_tls.o)
 .ARM.attributes
                0x000000000000062b       0x1e c:/st/stm32cubeide_1.7.0/stm32cubeide/plugins/com.st.stm32cube.ide.mcu.externaltools.gnu-tools-for-stm32.9-2020-q2-update.win32_2.0.0.202105311346/tools/bin/../lib/gcc/arm-none-eabi/9.3.1/thumb/v7e-m+fp/hard/crtn.o
OUTPUT(CubeMX.elf elf32-littlearm)
LOAD linker stubs
LOAD c:/st/stm32cubeide_1.7.0/stm32cubeide/plugins/com.st.stm32cube.ide.mcu.externaltools.gnu-tools-for-stm32.9-2020-q2-update.win32_2.0.0.202105311346/tools/bin/../lib/gcc/arm-none-eabi/9.3.1/../../../../arm-none-eabi/lib/thumb/v7e-m+fp/hard\libc.a
LOAD c:/st/stm32cubeide_1.7.0/stm32cubeide/plugins/com.st.stm32cube.ide.mcu.externaltools.gnu-tools-for-stm32.9-2020-q2-update.win32_2.0.0.202105311346/tools/bin/../lib/gcc/arm-none-eabi/9.3.1/../../../../arm-none-eabi/lib/thumb/v7e-m+fp/hard\libm.a
LOAD c:/st/stm32cubeide_1.7.0/stm32cubeide/plugins/com.st.stm32cube.ide.mcu.externaltools.gnu-tools-for-stm32.9-2020-q2-update.win32_2.0.0.202105311346/tools/bin/../lib/gcc/arm-none-eabi/9.3.1/thumb/v7e-m+fp/hard\libgcc.a

.debug_info     0x0000000000000000    0x1bd5c
 .debug_info    0x0000000000000000      0xa66 ./Core/Src/NRF24L01.o
 .debug_info    0x0000000000000a66     0x200f ./Core/Src/main.o
 .debug_info    0x0000000000002a75     0x1498 ./Core/Src/stm32f4xx_hal_msp.o
 .debug_info    0x0000000000003f0d      0xac6 ./Core/Src/stm32f4xx_it.o
 .debug_info    0x00000000000049d3      0x5a4 ./Core/Src/system_stm32f4xx.o
 .debug_info    0x0000000000004f77       0x22 ./Core/Startup/startup_stm32f407vgtx.o
 .debug_info    0x0000000000004f99      0x9b2 ./Drivers/STM32F4xx_HAL_Driver/Src/stm32f4xx_hal.o
 .debug_info    0x000000000000594b     0x108c ./Drivers/STM32F4xx_HAL_Driver/Src/stm32f4xx_hal_can.o
 .debug_info    0x00000000000069d7      0xed7 ./Drivers/STM32F4xx_HAL_Driver/Src/stm32f4xx_hal_cortex.o
 .debug_info    0x00000000000078ae      0x83e ./Drivers/STM32F4xx_HAL_Driver/Src/stm32f4xx_hal_gpio.o
 .debug_info    0x00000000000080ec     0x12dd ./Drivers/STM32F4xx_HAL_Driver/Src/stm32f4xx_hal_pcd.o
 .debug_info    0x00000000000093c9      0x7c3 ./Drivers/STM32F4xx_HAL_Driver/Src/stm32f4xx_hal_pcd_ex.o
 .debug_info    0x0000000000009b8c      0x996 ./Drivers/STM32F4xx_HAL_Driver/Src/stm32f4xx_hal_rcc.o
 .debug_info    0x000000000000a522     0x17c0 ./Drivers/STM32F4xx_HAL_Driver/Src/stm32f4xx_hal_spi.o
 .debug_info    0x000000000000bce2     0x2c22 ./Drivers/STM32F4xx_HAL_Driver/Src/stm32f4xx_hal_tim.o
 .debug_info    0x000000000000e904     0x15a2 ./Drivers/STM32F4xx_HAL_Driver/Src/stm32f4xx_hal_tim_ex.o
 .debug_info    0x000000000000fea6     0x1ab4 ./Drivers/STM32F4xx_HAL_Driver/Src/stm32f4xx_ll_usb.o
 .debug_info    0x000000000001195a     0x198b ./Middlewares/ST/STM32_USB_Device_Library/Class/CDC/Src/usbd_cdc.o
 .debug_info    0x00000000000132e5     0x13a7 ./Middlewares/ST/STM32_USB_Device_Library/Core/Src/usbd_core.o
 .debug_info    0x000000000001468c     0x1373 ./Middlewares/ST/STM32_USB_Device_Library/Core/Src/usbd_ctlreq.o
 .debug_info    0x00000000000159ff     0x1095 ./Middlewares/ST/STM32_USB_Device_Library/Core/Src/usbd_ioreq.o
 .debug_info    0x0000000000016a94      0xffe ./USB_DEVICE/App/usb_device.o
 .debug_info    0x0000000000017a92     0x122f ./USB_DEVICE/App/usbd_cdc_if.o
 .debug_info    0x0000000000018cc1      0xdfa ./USB_DEVICE/App/usbd_desc.o
 .debug_info    0x0000000000019abb     0x22a1 ./USB_DEVICE/Target/usbd_conf.o

.debug_abbrev   0x0000000000000000     0x39f7
 .debug_abbrev  0x0000000000000000      0x1d8 ./Core/Src/NRF24L01.o
 .debug_abbrev  0x00000000000001d8      0x305 ./Core/Src/main.o
 .debug_abbrev  0x00000000000004dd      0x215 ./Core/Src/stm32f4xx_hal_msp.o
 .debug_abbrev  0x00000000000006f2      0x1a6 ./Core/Src/stm32f4xx_it.o
 .debug_abbrev  0x0000000000000898      0x145 ./Core/Src/system_stm32f4xx.o
 .debug_abbrev  0x00000000000009dd       0x12 ./Core/Startup/startup_stm32f407vgtx.o
 .debug_abbrev  0x00000000000009ef      0x1ed ./Drivers/STM32F4xx_HAL_Driver/Src/stm32f4xx_hal.o
 .debug_abbrev  0x0000000000000bdc      0x246 ./Drivers/STM32F4xx_HAL_Driver/Src/stm32f4xx_hal_can.o
 .debug_abbrev  0x0000000000000e22      0x33c ./Drivers/STM32F4xx_HAL_Driver/Src/stm32f4xx_hal_cortex.o
 .debug_abbrev  0x000000000000115e      0x1f1 ./Drivers/STM32F4xx_HAL_Driver/Src/stm32f4xx_hal_gpio.o
 .debug_abbrev  0x000000000000134f      0x2a0 ./Drivers/STM32F4xx_HAL_Driver/Src/stm32f4xx_hal_pcd.o
 .debug_abbrev  0x00000000000015ef      0x1fb ./Drivers/STM32F4xx_HAL_Driver/Src/stm32f4xx_hal_pcd_ex.o
 .debug_abbrev  0x00000000000017ea      0x275 ./Drivers/STM32F4xx_HAL_Driver/Src/stm32f4xx_hal_rcc.o
 .debug_abbrev  0x0000000000001a5f      0x26e ./Drivers/STM32F4xx_HAL_Driver/Src/stm32f4xx_hal_spi.o
 .debug_abbrev  0x0000000000001ccd      0x25e ./Drivers/STM32F4xx_HAL_Driver/Src/stm32f4xx_hal_tim.o
 .debug_abbrev  0x0000000000001f2b      0x266 ./Drivers/STM32F4xx_HAL_Driver/Src/stm32f4xx_hal_tim_ex.o
 .debug_abbrev  0x0000000000002191      0x2a7 ./Drivers/STM32F4xx_HAL_Driver/Src/stm32f4xx_ll_usb.o
 .debug_abbrev  0x0000000000002438      0x2fc ./Middlewares/ST/STM32_USB_Device_Library/Class/CDC/Src/usbd_cdc.o
 .debug_abbrev  0x0000000000002734      0x2b7 ./Middlewares/ST/STM32_USB_Device_Library/Core/Src/usbd_core.o
 .debug_abbrev  0x00000000000029eb      0x2fc ./Middlewares/ST/STM32_USB_Device_Library/Core/Src/usbd_ctlreq.o
 .debug_abbrev  0x0000000000002ce7      0x22a ./Middlewares/ST/STM32_USB_Device_Library/Core/Src/usbd_ioreq.o
 .debug_abbrev  0x0000000000002f11      0x204 ./USB_DEVICE/App/usb_device.o
 .debug_abbrev  0x0000000000003115      0x30c ./USB_DEVICE/App/usbd_cdc_if.o
 .debug_abbrev  0x0000000000003421      0x2aa ./USB_DEVICE/App/usbd_desc.o
 .debug_abbrev  0x00000000000036cb      0x32c ./USB_DEVICE/Target/usbd_conf.o

.debug_aranges  0x0000000000000000     0x1428
 .debug_aranges
                0x0000000000000000       0x90 ./Core/Src/NRF24L01.o
 .debug_aranges
                0x0000000000000090       0x58 ./Core/Src/main.o
 .debug_aranges
                0x00000000000000e8       0x50 ./Core/Src/stm32f4xx_hal_msp.o
 .debug_aranges
                0x0000000000000138       0x70 ./Core/Src/stm32f4xx_it.o
 .debug_aranges
                0x00000000000001a8       0x28 ./Core/Src/system_stm32f4xx.o
 .debug_aranges
                0x00000000000001d0       0x28 ./Core/Startup/startup_stm32f407vgtx.o
 .debug_aranges
                0x00000000000001f8       0xf0 ./Drivers/STM32F4xx_HAL_Driver/Src/stm32f4xx_hal.o
 .debug_aranges
                0x00000000000002e8      0x138 ./Drivers/STM32F4xx_HAL_Driver/Src/stm32f4xx_hal_can.o
 .debug_aranges
                0x0000000000000420      0x118 ./Drivers/STM32F4xx_HAL_Driver/Src/stm32f4xx_hal_cortex.o
 .debug_aranges
                0x0000000000000538       0x58 ./Drivers/STM32F4xx_HAL_Driver/Src/stm32f4xx_hal_gpio.o
 .debug_aranges
                0x0000000000000590      0x138 ./Drivers/STM32F4xx_HAL_Driver/Src/stm32f4xx_hal_pcd.o
 .debug_aranges
                0x00000000000006c8       0x38 ./Drivers/STM32F4xx_HAL_Driver/Src/stm32f4xx_hal_pcd_ex.o
 .debug_aranges
                0x0000000000000700       0x88 ./Drivers/STM32F4xx_HAL_Driver/Src/stm32f4xx_hal_rcc.o
 .debug_aranges
                0x0000000000000788      0x1d0 ./Drivers/STM32F4xx_HAL_Driver/Src/stm32f4xx_hal_spi.o
 .debug_aranges
                0x0000000000000958      0x3d0 ./Drivers/STM32F4xx_HAL_Driver/Src/stm32f4xx_hal_tim.o
 .debug_aranges
                0x0000000000000d28      0x168 ./Drivers/STM32F4xx_HAL_Driver/Src/stm32f4xx_hal_tim_ex.o
 .debug_aranges
                0x0000000000000e90      0x198 ./Drivers/STM32F4xx_HAL_Driver/Src/stm32f4xx_ll_usb.o
 .debug_aranges
                0x0000000000001028       0x90 ./Middlewares/ST/STM32_USB_Device_Library/Class/CDC/Src/usbd_cdc.o
 .debug_aranges
                0x00000000000010b8       0xb8 ./Middlewares/ST/STM32_USB_Device_Library/Core/Src/usbd_core.o
 .debug_aranges
                0x0000000000001170       0x90 ./Middlewares/ST/STM32_USB_Device_Library/Core/Src/usbd_ctlreq.o
 .debug_aranges
                0x0000000000001200       0x50 ./Middlewares/ST/STM32_USB_Device_Library/Core/Src/usbd_ioreq.o
 .debug_aranges
                0x0000000000001250       0x20 ./USB_DEVICE/App/usb_device.o
 .debug_aranges
                0x0000000000001270       0x48 ./USB_DEVICE/App/usbd_cdc_if.o
 .debug_aranges
                0x00000000000012b8       0x60 ./USB_DEVICE/App/usbd_desc.o
 .debug_aranges
                0x0000000000001318      0x110 ./USB_DEVICE/Target/usbd_conf.o

.debug_ranges   0x0000000000000000     0x12a0
 .debug_ranges  0x0000000000000000       0x80 ./Core/Src/NRF24L01.o
 .debug_ranges  0x0000000000000080       0x48 ./Core/Src/main.o
 .debug_ranges  0x00000000000000c8       0x40 ./Core/Src/stm32f4xx_hal_msp.o
 .debug_ranges  0x0000000000000108       0x60 ./Core/Src/stm32f4xx_it.o
 .debug_ranges  0x0000000000000168       0x18 ./Core/Src/system_stm32f4xx.o
 .debug_ranges  0x0000000000000180       0x20 ./Core/Startup/startup_stm32f407vgtx.o
 .debug_ranges  0x00000000000001a0       0xe0 ./Drivers/STM32F4xx_HAL_Driver/Src/stm32f4xx_hal.o
 .debug_ranges  0x0000000000000280      0x128 ./Drivers/STM32F4xx_HAL_Driver/Src/stm32f4xx_hal_can.o
 .debug_ranges  0x00000000000003a8      0x108 ./Drivers/STM32F4xx_HAL_Driver/Src/stm32f4xx_hal_cortex.o
 .debug_ranges  0x00000000000004b0       0x48 ./Drivers/STM32F4xx_HAL_Driver/Src/stm32f4xx_hal_gpio.o
 .debug_ranges  0x00000000000004f8      0x128 ./Drivers/STM32F4xx_HAL_Driver/Src/stm32f4xx_hal_pcd.o
 .debug_ranges  0x0000000000000620       0x28 ./Drivers/STM32F4xx_HAL_Driver/Src/stm32f4xx_hal_pcd_ex.o
 .debug_ranges  0x0000000000000648       0x78 ./Drivers/STM32F4xx_HAL_Driver/Src/stm32f4xx_hal_rcc.o
 .debug_ranges  0x00000000000006c0      0x1c0 ./Drivers/STM32F4xx_HAL_Driver/Src/stm32f4xx_hal_spi.o
 .debug_ranges  0x0000000000000880      0x3c0 ./Drivers/STM32F4xx_HAL_Driver/Src/stm32f4xx_hal_tim.o
 .debug_ranges  0x0000000000000c40      0x158 ./Drivers/STM32F4xx_HAL_Driver/Src/stm32f4xx_hal_tim_ex.o
 .debug_ranges  0x0000000000000d98      0x188 ./Drivers/STM32F4xx_HAL_Driver/Src/stm32f4xx_ll_usb.o
 .debug_ranges  0x0000000000000f20       0x80 ./Middlewares/ST/STM32_USB_Device_Library/Class/CDC/Src/usbd_cdc.o
 .debug_ranges  0x0000000000000fa0       0xa8 ./Middlewares/ST/STM32_USB_Device_Library/Core/Src/usbd_core.o
 .debug_ranges  0x0000000000001048       0x80 ./Middlewares/ST/STM32_USB_Device_Library/Core/Src/usbd_ctlreq.o
 .debug_ranges  0x00000000000010c8       0x40 ./Middlewares/ST/STM32_USB_Device_Library/Core/Src/usbd_ioreq.o
 .debug_ranges  0x0000000000001108       0x10 ./USB_DEVICE/App/usb_device.o
 .debug_ranges  0x0000000000001118       0x38 ./USB_DEVICE/App/usbd_cdc_if.o
 .debug_ranges  0x0000000000001150       0x50 ./USB_DEVICE/App/usbd_desc.o
 .debug_ranges  0x00000000000011a0      0x100 ./USB_DEVICE/Target/usbd_conf.o

.debug_macro    0x0000000000000000    0x24ad0
 .debug_macro   0x0000000000000000      0x223 ./Core/Src/NRF24L01.o
 .debug_macro   0x0000000000000223      0xaa8 ./Core/Src/NRF24L01.o
 .debug_macro   0x0000000000000ccb      0x2a7 ./Core/Src/NRF24L01.o
 .debug_macro   0x0000000000000f72       0x2e ./Core/Src/NRF24L01.o
 .debug_macro   0x0000000000000fa0       0x2f ./Core/Src/NRF24L01.o
 .debug_macro   0x0000000000000fcf       0x22 ./Core/Src/NRF24L01.o
 .debug_macro   0x0000000000000ff1       0x8e ./Core/Src/NRF24L01.o
 .debug_macro   0x000000000000107f       0x51 ./Core/Src/NRF24L01.o
 .debug_macro   0x00000000000010d0      0x103 ./Core/Src/NRF24L01.o
 .debug_macro   0x00000000000011d3       0x6a ./Core/Src/NRF24L01.o
 .debug_macro   0x000000000000123d      0x1df ./Core/Src/NRF24L01.o
 .debug_macro   0x000000000000141c       0x1c ./Core/Src/NRF24L01.o
 .debug_macro   0x0000000000001438       0x22 ./Core/Src/NRF24L01.o
 .debug_macro   0x000000000000145a       0xdf ./Core/Src/NRF24L01.o
 .debug_macro   0x0000000000001539     0x102d ./Core/Src/NRF24L01.o
 .debug_macro   0x0000000000002566      0x11f ./Core/Src/NRF24L01.o
 .debug_macro   0x0000000000002685    0x15e58 ./Core/Src/NRF24L01.o
 .debug_macro   0x00000000000184dd       0x6d ./Core/Src/NRF24L01.o
 .debug_macro   0x000000000001854a     0x3666 ./Core/Src/NRF24L01.o
 .debug_macro   0x000000000001bbb0      0x174 ./Core/Src/NRF24L01.o
 .debug_macro   0x000000000001bd24       0x5c ./Core/Src/NRF24L01.o
 .debug_macro   0x000000000001bd80      0x96b ./Core/Src/NRF24L01.o
 .debug_macro   0x000000000001c6eb      0x9fe ./Core/Src/NRF24L01.o
 .debug_macro   0x000000000001d0e9      0x116 ./Core/Src/NRF24L01.o
 .debug_macro   0x000000000001d1ff      0x13e ./Core/Src/NRF24L01.o
 .debug_macro   0x000000000001d33d       0xa5 ./Core/Src/NRF24L01.o
 .debug_macro   0x000000000001d3e2      0x174 ./Core/Src/NRF24L01.o
 .debug_macro   0x000000000001d556      0x287 ./Core/Src/NRF24L01.o
 .debug_macro   0x000000000001d7dd       0x5f ./Core/Src/NRF24L01.o
 .debug_macro   0x000000000001d83c      0x236 ./Core/Src/NRF24L01.o
 .debug_macro   0x000000000001da72      0x40f ./Core/Src/NRF24L01.o
 .debug_macro   0x000000000001de81      0x12c ./Core/Src/NRF24L01.o
 .debug_macro   0x000000000001dfad      0x21e ./Core/Src/NRF24L01.o
 .debug_macro   0x000000000001e1cb       0x2e ./Core/Src/NRF24L01.o
 .debug_macro   0x000000000001e1f9      0x11a ./Core/Src/NRF24L01.o
 .debug_macro   0x000000000001e313       0x7e ./Core/Src/NRF24L01.o
 .debug_macro   0x000000000001e391       0x89 ./Core/Src/NRF24L01.o
 .debug_macro   0x000000000001e41a      0x225 ./Core/Src/NRF24L01.o
 .debug_macro   0x000000000001e63f      0x8d1 ./Core/Src/NRF24L01.o
 .debug_macro   0x000000000001ef10       0x47 ./Core/Src/NRF24L01.o
 .debug_macro   0x000000000001ef57      0x21e ./Core/Src/NRF24L01.o
 .debug_macro   0x000000000001f175       0xba ./Core/Src/NRF24L01.o
 .debug_macro   0x000000000001f22f      0x12d ./Core/Src/NRF24L01.o
 .debug_macro   0x000000000001f35c       0xee ./Core/Src/NRF24L01.o
 .debug_macro   0x000000000001f44a      0x3ff ./Core/Src/main.o
 .debug_macro   0x000000000001f849       0xd0 ./Core/Src/main.o
 .debug_macro   0x000000000001f919       0x52 ./Core/Src/main.o
 .debug_macro   0x000000000001f96b       0x18 ./Core/Src/main.o
 .debug_macro   0x000000000001f983       0x3c ./Core/Src/main.o
 .debug_macro   0x000000000001f9bf       0x34 ./Core/Src/main.o
 .debug_macro   0x000000000001f9f3       0x16 ./Core/Src/main.o
 .debug_macro   0x000000000001fa09       0x35 ./Core/Src/main.o
 .debug_macro   0x000000000001fa3e      0x333 ./Core/Src/main.o
 .debug_macro   0x000000000001fd71       0x10 ./Core/Src/main.o
 .debug_macro   0x000000000001fd81       0x16 ./Core/Src/main.o
 .debug_macro   0x000000000001fd97       0x43 ./Core/Src/main.o
 .debug_macro   0x000000000001fdda       0x34 ./Core/Src/main.o
 .debug_macro   0x000000000001fe0e       0x10 ./Core/Src/main.o
 .debug_macro   0x000000000001fe1e       0x58 ./Core/Src/main.o
 .debug_macro   0x000000000001fe76       0x71 ./Core/Src/main.o
 .debug_macro   0x000000000001fee7       0x1c ./Core/Src/main.o
 .debug_macro   0x000000000001ff03      0x12a ./Core/Src/main.o
 .debug_macro   0x000000000002002d       0x10 ./Core/Src/main.o
 .debug_macro   0x000000000002003d       0x1c ./Core/Src/main.o
 .debug_macro   0x0000000000020059       0x52 ./Core/Src/main.o
 .debug_macro   0x00000000000200ab       0x22 ./Core/Src/main.o
 .debug_macro   0x00000000000200cd       0x10 ./Core/Src/main.o
 .debug_macro   0x00000000000200dd       0x40 ./Core/Src/main.o
 .debug_macro   0x000000000002011d       0xd5 ./Core/Src/main.o
 .debug_macro   0x00000000000201f2       0x1c ./Core/Src/main.o
 .debug_macro   0x000000000002020e       0x3d ./Core/Src/main.o
 .debug_macro   0x000000000002024b       0x16 ./Core/Src/main.o
 .debug_macro   0x0000000000020261      0x145 ./Core/Src/main.o
 .debug_macro   0x00000000000203a6       0x16 ./Core/Src/main.o
 .debug_macro   0x00000000000203bc       0x16 ./Core/Src/main.o
 .debug_macro   0x00000000000203d2       0x29 ./Core/Src/main.o
 .debug_macro   0x00000000000203fb       0x16 ./Core/Src/main.o
 .debug_macro   0x0000000000020411       0x20 ./Core/Src/main.o
 .debug_macro   0x0000000000020431       0x65 ./Core/Src/main.o
 .debug_macro   0x0000000000020496      0x1ef ./Core/Src/main.o
 .debug_macro   0x0000000000020685      0x20b ./Core/Src/stm32f4xx_hal_msp.o
 .debug_macro   0x0000000000020890      0x215 ./Core/Src/stm32f4xx_it.o
 .debug_macro   0x0000000000020aa5      0x1fc ./Core/Src/system_stm32f4xx.o
 .debug_macro   0x0000000000020ca1      0x25c ./Drivers/STM32F4xx_HAL_Driver/Src/stm32f4xx_hal.o
 .debug_macro   0x0000000000020efd      0x204 ./Drivers/STM32F4xx_HAL_Driver/Src/stm32f4xx_hal_can.o
 .debug_macro   0x0000000000021101      0x1fc ./Drivers/STM32F4xx_HAL_Driver/Src/stm32f4xx_hal_cortex.o
 .debug_macro   0x00000000000212fd      0x202 ./Drivers/STM32F4xx_HAL_Driver/Src/stm32f4xx_hal_gpio.o
 .debug_macro   0x00000000000214ff      0x208 ./Drivers/STM32F4xx_HAL_Driver/Src/stm32f4xx_hal_pcd.o
 .debug_macro   0x0000000000021707      0x1fc ./Drivers/STM32F4xx_HAL_Driver/Src/stm32f4xx_hal_pcd_ex.o
 .debug_macro   0x0000000000021903      0x220 ./Drivers/STM32F4xx_HAL_Driver/Src/stm32f4xx_hal_rcc.o
 .debug_macro   0x0000000000021b23      0x20b ./Drivers/STM32F4xx_HAL_Driver/Src/stm32f4xx_hal_spi.o
 .debug_macro   0x0000000000021d2e      0x1fd ./Drivers/STM32F4xx_HAL_Driver/Src/stm32f4xx_hal_tim.o
 .debug_macro   0x0000000000021f2b      0x1fc ./Drivers/STM32F4xx_HAL_Driver/Src/stm32f4xx_hal_tim_ex.o
 .debug_macro   0x0000000000022127      0x1fc ./Drivers/STM32F4xx_HAL_Driver/Src/stm32f4xx_ll_usb.o
 .debug_macro   0x0000000000022323      0x421 ./Middlewares/ST/STM32_USB_Device_Library/Class/CDC/Src/usbd_cdc.o
 .debug_macro   0x0000000000022744       0x97 ./Middlewares/ST/STM32_USB_Device_Library/Class/CDC/Src/usbd_cdc.o
 .debug_macro   0x00000000000227db       0xfd ./Middlewares/ST/STM32_USB_Device_Library/Class/CDC/Src/usbd_cdc.o
 .debug_macro   0x00000000000228d8       0xd9 ./Middlewares/ST/STM32_USB_Device_Library/Class/CDC/Src/usbd_cdc.o
 .debug_macro   0x00000000000229b1       0x56 ./Middlewares/ST/STM32_USB_Device_Library/Class/CDC/Src/usbd_cdc.o
 .debug_macro   0x0000000000022a07       0x95 ./Middlewares/ST/STM32_USB_Device_Library/Class/CDC/Src/usbd_cdc.o
 .debug_macro   0x0000000000022a9c      0x408 ./Middlewares/ST/STM32_USB_Device_Library/Core/Src/usbd_core.o
 .debug_macro   0x0000000000022ea4      0x1f5 ./Middlewares/ST/STM32_USB_Device_Library/Core/Src/usbd_core.o
 .debug_macro   0x0000000000023099      0x412 ./Middlewares/ST/STM32_USB_Device_Library/Core/Src/usbd_ctlreq.o
 .debug_macro   0x00000000000234ab      0x40e ./Middlewares/ST/STM32_USB_Device_Library/Core/Src/usbd_ioreq.o
 .debug_macro   0x00000000000238b9      0x441 ./USB_DEVICE/App/usb_device.o
 .debug_macro   0x0000000000023cfa       0xd6 ./USB_DEVICE/App/usb_device.o
 .debug_macro   0x0000000000023dd0       0x22 ./USB_DEVICE/App/usb_device.o
 .debug_macro   0x0000000000023df2       0x16 ./USB_DEVICE/App/usb_device.o
 .debug_macro   0x0000000000023e08      0x42c ./USB_DEVICE/App/usbd_cdc_if.o
 .debug_macro   0x0000000000024234       0x10 ./USB_DEVICE/App/usbd_cdc_if.o
 .debug_macro   0x0000000000024244      0x44b ./USB_DEVICE/App/usbd_desc.o
 .debug_macro   0x000000000002468f       0x1c ./USB_DEVICE/App/usbd_desc.o